Archive member included to satisfy reference by file (symbol)

d:/intelfpga_lite/22.1/nios2eds/bin/gnu/h-x86_64-mingw32/bin/../lib/gcc/nios2-elf/12.1.1\libgcc.a(lib2-divmod.o)
                              obj/default/I2C_core.o (__divsi3)
d:/intelfpga_lite/22.1/nios2eds/bin/gnu/h-x86_64-mingw32/bin/../lib/gcc/nios2-elf/12.1.1/../../../../../H-x86_64-mingw32/nios2-elf/lib\libc.a(lib_a-fopen.o)
                              obj/default/main.o (fopen)
d:/intelfpga_lite/22.1/nios2eds/bin/gnu/h-x86_64-mingw32/bin/../lib/gcc/nios2-elf/12.1.1/../../../../../H-x86_64-mingw32/nios2-elf/lib\libc.a(lib_a-fseek.o)
                              d:/intelfpga_lite/22.1/nios2eds/bin/gnu/h-x86_64-mingw32/bin/../lib/gcc/nios2-elf/12.1.1/../../../../../H-x86_64-mingw32/nios2-elf/lib\libc.a(lib_a-fopen.o) (_fseek_r)
d:/intelfpga_lite/22.1/nios2eds/bin/gnu/h-x86_64-mingw32/bin/../lib/gcc/nios2-elf/12.1.1/../../../../../H-x86_64-mingw32/nios2-elf/lib\libc.a(lib_a-fseeko.o)
                              d:/intelfpga_lite/22.1/nios2eds/bin/gnu/h-x86_64-mingw32/bin/../lib/gcc/nios2-elf/12.1.1/../../../../../H-x86_64-mingw32/nios2-elf/lib\libc.a(lib_a-fseek.o) (_fseeko_r)
d:/intelfpga_lite/22.1/nios2eds/bin/gnu/h-x86_64-mingw32/bin/../lib/gcc/nios2-elf/12.1.1/../../../../../H-x86_64-mingw32/nios2-elf/lib\libc.a(lib_a-fstatr.o)
                              d:/intelfpga_lite/22.1/nios2eds/bin/gnu/h-x86_64-mingw32/bin/../lib/gcc/nios2-elf/12.1.1/../../../../../H-x86_64-mingw32/nios2-elf/lib\libc.a(lib_a-fseeko.o) (_fstat_r)
d:/intelfpga_lite/22.1/nios2eds/bin/gnu/h-x86_64-mingw32/bin/../lib/gcc/nios2-elf/12.1.1/../../../../../H-x86_64-mingw32/nios2-elf/lib\libc.a(lib_a-fwrite.o)
                              obj/default/main.o (fwrite)
d:/intelfpga_lite/22.1/nios2eds/bin/gnu/h-x86_64-mingw32/bin/../lib/gcc/nios2-elf/12.1.1/../../../../../H-x86_64-mingw32/nios2-elf/lib\libc.a(lib_a-getchar.o)
                              obj/default/main.o (getchar)
d:/intelfpga_lite/22.1/nios2eds/bin/gnu/h-x86_64-mingw32/bin/../lib/gcc/nios2-elf/12.1.1/../../../../../H-x86_64-mingw32/nios2-elf/lib\libc.a(lib_a-impure.o)
                              d:/intelfpga_lite/22.1/nios2eds/bin/gnu/h-x86_64-mingw32/bin/../lib/gcc/nios2-elf/12.1.1/../../../../../H-x86_64-mingw32/nios2-elf/lib\libc.a(lib_a-fopen.o) (_impure_ptr)
d:/intelfpga_lite/22.1/nios2eds/bin/gnu/h-x86_64-mingw32/bin/../lib/gcc/nios2-elf/12.1.1/../../../../../H-x86_64-mingw32/nios2-elf/lib\libc.a(lib_a-int_errno.o)
                              d:/intelfpga_lite/22.1/nios2eds/bin/gnu/h-x86_64-mingw32/bin/../lib/gcc/nios2-elf/12.1.1/../../../../../H-x86_64-mingw32/nios2-elf/lib\libc.a(lib_a-fstatr.o) (errno)
d:/intelfpga_lite/22.1/nios2eds/bin/gnu/h-x86_64-mingw32/bin/../lib/gcc/nios2-elf/12.1.1/../../../../../H-x86_64-mingw32/nios2-elf/lib\libc.a(lib_a-makebuf.o)
                              d:/intelfpga_lite/22.1/nios2eds/bin/gnu/h-x86_64-mingw32/bin/../lib/gcc/nios2-elf/12.1.1/../../../../../H-x86_64-mingw32/nios2-elf/lib\libc.a(lib_a-fseeko.o) (__smakebuf_r)
d:/intelfpga_lite/22.1/nios2eds/bin/gnu/h-x86_64-mingw32/bin/../lib/gcc/nios2-elf/12.1.1/../../../../../H-x86_64-mingw32/nios2-elf/lib\libc.a(lib_a-malloc.o)
                              obj/default/queue.o (malloc)
d:/intelfpga_lite/22.1/nios2eds/bin/gnu/h-x86_64-mingw32/bin/../lib/gcc/nios2-elf/12.1.1/../../../../../H-x86_64-mingw32/nios2-elf/lib\libc.a(lib_a-mallocr.o)
                              d:/intelfpga_lite/22.1/nios2eds/bin/gnu/h-x86_64-mingw32/bin/../lib/gcc/nios2-elf/12.1.1/../../../../../H-x86_64-mingw32/nios2-elf/lib\libc.a(lib_a-makebuf.o) (_malloc_r)
d:/intelfpga_lite/22.1/nios2eds/bin/gnu/h-x86_64-mingw32/bin/../lib/gcc/nios2-elf/12.1.1/../../../../../H-x86_64-mingw32/nios2-elf/lib\libc.a(lib_a-memset.o)
                              obj/default/queue.o (memset)
d:/intelfpga_lite/22.1/nios2eds/bin/gnu/h-x86_64-mingw32/bin/../lib/gcc/nios2-elf/12.1.1/../../../../../H-x86_64-mingw32/nios2-elf/lib\libc.a(lib_a-openr.o)
                              d:/intelfpga_lite/22.1/nios2eds/bin/gnu/h-x86_64-mingw32/bin/../lib/gcc/nios2-elf/12.1.1/../../../../../H-x86_64-mingw32/nios2-elf/lib\libc.a(lib_a-fopen.o) (_open_r)
d:/intelfpga_lite/22.1/nios2eds/bin/gnu/h-x86_64-mingw32/bin/../lib/gcc/nios2-elf/12.1.1/../../../../../H-x86_64-mingw32/nios2-elf/lib\libc.a(lib_a-printf.o)
                              obj/default/auto_focus.o (printf)
d:/intelfpga_lite/22.1/nios2eds/bin/gnu/h-x86_64-mingw32/bin/../lib/gcc/nios2-elf/12.1.1/../../../../../H-x86_64-mingw32/nios2-elf/lib\libc.a(lib_a-putchar.o)
                              obj/default/main.o (putchar)
d:/intelfpga_lite/22.1/nios2eds/bin/gnu/h-x86_64-mingw32/bin/../lib/gcc/nios2-elf/12.1.1/../../../../../H-x86_64-mingw32/nios2-elf/lib\libc.a(lib_a-puts.o)
                              obj/default/I2C_core.o (puts)
d:/intelfpga_lite/22.1/nios2eds/bin/gnu/h-x86_64-mingw32/bin/../lib/gcc/nios2-elf/12.1.1/../../../../../H-x86_64-mingw32/nios2-elf/lib\libc.a(lib_a-refill.o)
[...]
Memory Configuration

Name             Origin             Length             Attributes
reset            0x0000000000020000 0x0000000000000020
onchip_memory2_0 0x0000000000020020 0x000000000001ffe0
*default*        0x0000000000000000 0xffffffffffffffff

Linker script and memory map

LOAD e:/summer_project/camera_module_with_edge/camera_starter/EEE2Rover/DE10_LITE_D8M_VIP_16/software/camera_exposure_bsp//obj/HAL/src/crt0.o
LOAD obj/default/I2C_core.o
LOAD obj/default/auto_focus.o
LOAD obj/default/main.o
LOAD obj/default/mipi_bridge_config.o
LOAD obj/default/mipi_camera_config.o
LOAD obj/default/queue.o
LOAD d:/intelfpga_lite/22.1/nios2eds/bin/gnu/h-x86_64-mingw32/bin/../lib/gcc/nios2-elf/12.1.1/../../../../../H-x86_64-mingw32/nios2-elf/lib\libstdc++.a
LOAD d:/intelfpga_lite/22.1/nios2eds/bin/gnu/h-x86_64-mingw32/bin/../lib/gcc/nios2-elf/12.1.1/../../../../../H-x86_64-mingw32/nios2-elf/lib\libm.a
LOAD d:/intelfpga_lite/22.1/nios2eds/bin/gnu/h-x86_64-mingw32/bin/../lib/gcc/nios2-elf/12.1.1\libgcc.a
START GROUP
LOAD d:/intelfpga_lite/22.1/nios2eds/bin/gnu/h-x86_64-mingw32/bin/../lib/gcc/nios2-elf/12.1.1/../../../../../H-x86_64-mingw32/nios2-elf/lib\libc.a
LOAD d:/intelfpga_lite/22.1/nios2eds/bin/gnu/h-x86_64-mingw32/bin/../lib/gcc/nios2-elf/12.1.1\libgcc.a
LOAD e:/summer_project/camera_module_with_edge/camera_starter/EEE2Rover/DE10_LITE_D8M_VIP_16/software/camera_exposure_bsp/\libhal_bsp.a
LOAD d:/intelfpga_lite/22.1/nios2eds/bin/gnu/h-x86_64-mingw32/bin/../lib/gcc/nios2-elf/12.1.1/../../../../../H-x86_64-mingw32/nios2-elf/lib\libm.a
END GROUP
LOAD d:/intelfpga_lite/22.1/nios2eds/bin/gnu/h-x86_64-mingw32/bin/../lib/gcc/nios2-elf/12.1.1\libgcc.a
                0x0000000000020000                __alt_mem_onchip_memory2_0 = 0x20000

.entry          0x0000000000020000       0x20
 *(.entry)
 .entry         0x0000000000020000       0x20 e:/summer_project/camera_module_with_edge/camera_starter/EEE2Rover/DE10_LITE_D8M_VIP_16/software/camera_exposure_bsp//obj/HAL/src/crt0.o
                0x0000000000020000                __reset

.exceptions     0x0000000000020020      0x218
                0x0000000000020020                PROVIDE (__ram_exceptions_start = ABSOLUTE (.))
                0x0000000000020020                . = ALIGN (0x20)
 *(.irq)
 *(.exceptions.entry.label)
 .exceptions.entry.label
                0x0000000000020020        0x0 e:/summer_project/camera_module_with_edge/camera_starter/EEE2Rover/DE10_LITE_D8M_VIP_16/software/camera_exposure_bsp/\libhal_bsp.a(alt_irq_entry.o)
                0x0000000000020020                alt_irq_entry
 .exceptions.entry.label
                0x0000000000020020        0x0 e:/summer_project/camera_module_with_edge/camera_starter/EEE2Rover/DE10_LITE_D8M_VIP_16/software/camera_exposure_bsp/\libhal_bsp.a(alt_exception_entry.o)
                0x0000000000020020                alt_exception
 *(.exceptions.entry.user)
 *(.exceptions.entry.ecc_fatal)
 *(.exceptions.entry)
 .exceptions.entry
                0x0000000000020020       0x54 e:/summer_project/camera_module_with_edge/camera_starter/EEE2Rover/DE10_LITE_D8M_VIP_16/software/camera_exposure_bsp/\libhal_bsp.a(alt_exception_entry.o)
 *(.exceptions.irqtest.user)
 *(.exceptions.irqtest)
 .exceptions.irqtest
                0x0000000000020074       0x10 e:/summer_project/camera_module_with_edge/camera_starter/EEE2Rover/DE10_LITE_D8M_VIP_16/software/camera_exposure_bsp/\libhal_bsp.a(alt_irq_entry.o)
 *(.exceptions.irqhandler.user)
 *(.exceptions.irqhandler)
 .exceptions.irqhandler
                0x0000000000020084        0x4 e:/summer_project/camera_module_with_edge/camera_starter/EEE2Rover/DE10_LITE_D8M_VIP_16/software/camera_exposure_bsp/\libhal_bsp.a(alt_irq_entry.o)
 *(.exceptions.irqreturn.user)
 *(.exceptions.irqreturn)
 .exceptions.irqreturn
                0x0000000000020088        0x4 e:/summer_project/camera_module_with_edge/camera_starter/EEE2Rover/DE10_LITE_D8M_VIP_16/software/camera_exposure_bsp/\libhal_bsp.a(alt_irq_entry.o)
 *(.exceptions.notirq.label)
 .exceptions.notirq.label
                0x000000000002008c        0x0 e:/summer_project/camera_module_with_edge/camera_starter/EEE2Rover/DE10_LITE_D8M_VIP_16/software/camera_exposure_bsp/\libhal_bsp.a(alt_irq_entry.o)
 *(.exceptions.notirq.user)
 *(.exceptions.notirq)
 .exceptions.notirq
                0x000000000002008c        0x8 e:/summer_project/camera_module_with_edge/camera_starter/EEE2Rover/DE10_LITE_D8M_VIP_16/software/camera_exposure_bsp/\libhal_bsp.a(alt_exception_entry.o)
 *(.exceptions.soft.user)
 *(.exceptions.soft)
 *(.exceptions.unknown.user)
 *(.exceptions.unknown)
 .exceptions.unknown
                0x0000000000020094       0x14 e:/summer_project/camera_module_with_edge/camera_starter/EEE2Rover/DE10_LITE_D8M_VIP_16/software/camera_exposure_bsp/\libhal_bsp.a(alt_exception_entry.o)
 *(.exceptions.exit.label)
 .exceptions.exit.label
                0x00000000000200a8        0x0 e:/summer_project/camera_module_with_edge/camera_starter/EEE2Rover/DE10_LITE_D8M_VIP_16/software/camera_exposure_bsp/\libhal_bsp.a(alt_irq_entry.o)
 .exceptions.exit.label
                0x00000000000200a8        0x0 e:/summer_project/camera_module_with_edge/camera_starter/EEE2Rover/DE10_LITE_D8M_VIP_16/software/camera_exposure_bsp/\libhal_bsp.a(alt_exception_entry.o)
 *(.exceptions.exit.user)
 *(.exceptions.exit)
 .exceptions.exit
                0x00000000000200a8       0x54 e:/summer_project/camera_module_with_edge/camera_starter/EEE2Rover/DE10_LITE_D8M_VIP_16/software/camera_exposure_bsp/\libhal_bsp.a(alt_exception_entry.o)
 *(.exceptions)
 .exceptions    0x00000000000200fc       0xc8 e:/summer_project/camera_module_with_edge/camera_starter/EEE2Rover/DE10_LITE_D8M_VIP_16/software/camera_exposure_bsp/\libhal_bsp.a(alt_irq_handler.o)
                0x00000000000200fc                alt_irq_handler
 .exceptions    0x00000000000201c4       0x74 e:/summer_project/camera_module_with_edge/camera_starter/EEE2Rover/DE10_LITE_D8M_VIP_16/software/camera_exposure_bsp/\libhal_bsp.a(alt_instruction_exception_entry.o)
                0x00000000000201c4                alt_instruction_exception_entry
                0x0000000000020238                PROVIDE (__ram_exceptions_end = ABSOLUTE (.))
                0x0000000000020020                PROVIDE (__flash_exceptions_start = LOADADDR (.exceptions))

.text           0x0000000000020238    0x14064
                [!provide]                        PROVIDE (stext = ABSOLUTE (.))
 *(.interp)
 *(.hash)
 *(.dynsym)
 *(.dynstr)
 *(.gnu.version)
 *(.gnu.version_d)
 *(.gnu.version_r)
 *(.rel.init)
 *(.rela.init)
 *(.rel.text .rel.text.* .rel.gnu.linkonce.t.*)
 *(.rela.text .rela.text.* .rela.gnu.linkonce.t.*)
 *(.rel.fini)
 *(.rela.fini)
 *(.rel.rodata .rel.rodata.* .rel.gnu.linkonce.r.*)
 *(.rela.rodata .rela.rodata.* .rela.gnu.linkonce.r.*)
 *(.rel.data .rel.data.* .rel.gnu.linkonce.d.*)
 *(.rela.data .rela.data.* .rela.gnu.linkonce.d.*)
 *(.rel.tdata .rel.tdata.* .rel.gnu.linkonce.td.*)
 *(.rela.tdata .rela.tdata.* .rela.gnu.linkonce.td.*)
 *(.rel.tbss .rel.tbss.* .rel.gnu.linkonce.tb.*)
 *(.rela.tbss .rela.tbss.* .rela.gnu.linkonce.tb.*)
 *(.rel.ctors)
 *(.rela.ctors)
 *(.rel.dtors)
 *(.rela.dtors)
 *(.rel.got)
 *(.rela.got)
 *(.rel.sdata .rel.sdata.* .rel.gnu.linkonce.s.*)
 *(.rela.sdata .rela.sdata.* .rela.gnu.linkonce.s.*)
 *(.rel.sbss .rel.sbss.* .rel.gnu.linkonce.sb.*)
 *(.rela.sbss .rela.sbss.* .rela.gnu.linkonce.sb.*)
 *(.rel.sdata2 .rel.sdata2.* .rel.gnu.linkonce.s2.*)
 *(.rela.sdata2 .rela.sdata2.* .rela.gnu.linkonce.s2.*)
 *(.rel.sbss2 .rel.sbss2.* .rel.gnu.linkonce.sb2.*)
 *(.rela.sbss2 .rela.sbss2.* .rela.gnu.linkonce.sb2.*)
 *(.rel.bss .rel.bss.* .rel.gnu.linkonce.b.*)
 *(.rela.bss .rela.bss.* .rela.gnu.linkonce.b.*)
 *(.rel.plt)
 *(.rela.plt)
 *(.rel.dyn)
 *(.init)
 *(.plt)
 *(.text .stub .text.* .gnu.linkonce.t.*)
 .text          0x0000000000020238       0x4c e:/summer_project/camera_module_with_edge/camera_starter/EEE2Rover/DE10_LITE_D8M_VIP_16/software/camera_exposure_bsp//obj/HAL/src/crt0.o
                0x0000000000020238                _start
 .text          0x0000000000020284      0xdb4 obj/default/I2C_core.o
                0x0000000000020284                Write32_Data
                0x00000000000202d8                Read32_Data
                0x000000000002032c                oc_i2c_init
                0x0000000000020384                oc_i2c_init_ex
                0x00000000000204c0                oc_i2c_uninit
                0x0000000000020544                ACK_single_check
                0x00000000000205d0                ACK_check
                0x0000000000020630                OC_I2C_Write
                0x0000000000020834                ACK_judge_for_read
                0x0000000000020898                OC_I2C_Read
                0x0000000000020a68                OC_I2C_Read_Continue
                0x0000000000020ba0                OC_I2CL_Write
                0x0000000000020db4                OC_I2CL_Read
 .text          0x0000000000021038      0x388 obj/default/auto_focus.o
                0x0000000000021038                Focus_Init
                0x000000000002113c                Focus_Window
                0x0000000000021304                Focus_Released
 .text          0x00000000000213c0      0xdf4 obj/default/main.o
                0x00000000000213c0                mipi_clear_error
                0x0000000000021478                mipi_show_error_info
                0x0000000000021510                mipi_show_error_info_more
                0x0000000000021688                MIPI_Init
                0x0000000000021710                NAVIGATION
                0x0000000000021a6c                main
 .text          0x00000000000221b4      0x23c obj/default/mipi_bridge_config.o
                0x00000000000221b4                nSWAP16
                0x0000000000022200                MipiBridgeRegWrite
                0x0000000000022270                MipiBridgeRegRead
                0x00000000000222e8                MipiBridgeInit
 .text          0x00000000000223f0      0x8a4 obj/default/mipi_camera_config.o
                0x00000000000223f0                OV8865_read_cmos_sensor_8
                0x0000000000022454                OV8865_write_cmos_sensor_8
                0x00000000000224c4                OV8865_write_AF
                0x0000000000022534                OV8865_read_AF
                0x00000000000225b4                OV8865_FOCUS_Move_to
                0x0000000000022684                OV8865SetExposure
                0x0000000000022768                OV8865SetGain
                0x0000000000022834                OV8865ReadExposure
                0x00000000000228f0                MIPI_BIN_LEVEL
                0x0000000000022ab0                MipiCameraInit
 .text          0x0000000000022c94      0x294 obj/default/queue.o
                0x0000000000022c94                QUEUE_New
                0x0000000000022d00                QUEUE_Delete
                0x0000000000022d34                QUEUE_IsEmpty
                0x0000000000022d74                QUEUE_IsFull
                0x0000000000022dd8                QUEUE_Push
                0x0000000000022e68                QUEUE_Pop
                0x0000000000022ef4                QUEUE_Empty
 .text          0x0000000000022f28      0x1b4 d:/intelfpga_lite/22.1/nios2eds/bin/gnu/h-x86_64-mingw32/bin/../lib/gcc/nios2-elf/12.1.1\libgcc.a(lib2-divmod.o)
                0x0000000000022f28                __divsi3
                0x0000000000022fa8                __modsi3
                0x000000000002301c                __udivsi3
                0x0000000000023080                __umodsi3
 .text          0x00000000000230dc        0x0 d:/intelfpga_lite/22.1/nios2eds/bin/gnu/h-x86_64-mingw32/bin/../lib/gcc/nios2-elf/12.1.1/../../../../../H-x86_64-mingw32/nios2-elf/lib\libc.a(lib_a-fopen.o)
 .text._fopen_r
                0x00000000000230dc       0xf8 d:/intelfpga_lite/22.1/nios2eds/bin/gnu/h-x86_64-mingw32/bin/../lib/gcc/nios2-elf/12.1.1/../../../../../H-x86_64-mingw32/nios2-elf/lib\libc.a(lib_a-fopen.o)
                0x00000000000230dc                _fopen_r
 .text.fopen    0x00000000000231d4       0x18 d:/intelfpga_lite/22.1/nios2eds/bin/gnu/h-x86_64-mingw32/bin/../lib/gcc/nios2-elf/12.1.1/../../../../../H-x86_64-mingw32/nios2-elf/lib\libc.a(lib_a-fopen.o)
                0x00000000000231d4                fopen
 .text          0x00000000000231ec        0x0 d:/intelfpga_lite/22.1/nios2eds/bin/gnu/h-x86_64-mingw32/bin/../lib/gcc/nios2-elf/12.1.1/../../../../../H-x86_64-mingw32/nios2-elf/lib\libc.a(lib_a-fseek.o)
 .text._fseek_r
                0x00000000000231ec        0x4 d:/intelfpga_lite/22.1/nios2eds/bin/gnu/h-x86_64-mingw32/bin/../lib/gcc/nios2-elf/12.1.1/../../../../../H-x86_64-mingw32/nios2-elf/lib\libc.a(lib_a-fseek.o)
                0x00000000000231ec                _fseek_r
 .text.fseek    0x00000000000231f0       0x1c d:/intelfpga_lite/22.1/nios2eds/bin/gnu/h-x86_64-mingw32/bin/../lib/gcc/nios2-elf/12.1.1/../../../../../H-x86_64-mingw32/nios2-elf/lib\libc.a(lib_a-fseek.o)
                0x00000000000231f0                fseek
 .text          0x000000000002320c        0x0 d:/intelfpga_lite/22.1/nios2eds/bin/gnu/h-x86_64-mingw32/bin/../lib/gcc/nios2-elf/12.1.1/../../../../../H-x86_64-mingw32/nios2-elf/lib\libc.a(lib_a-fseeko.o)
 .text._fseeko_r
                0x000000000002320c      0x428 d:/intelfpga_lite/22.1/nios2eds/bin/gnu/h-x86_64-mingw32/bin/../lib/gcc/nios2-elf/12.1.1/../../../../../H-x86_64-mingw32/nios2-elf/lib\libc.a(lib_a-fseeko.o)
                0x000000000002320c                _fseeko_r
 .text.fseeko   0x0000000000023634       0x1c d:/intelfpga_lite/22.1/nios2eds/bin/gnu/h-x86_64-mingw32/bin/../lib/gcc/nios2-elf/12.1.1/../../../../../H-x86_64-mingw32/nios2-elf/lib\libc.a(lib_a-fseeko.o)
                0x0000000000023634                fseeko
 .text          0x0000000000023650        0x0 d:/intelfpga_lite/22.1/nios2eds/bin/gnu/h-x86_64-mingw32/bin/../lib/gcc/nios2-elf/12.1.1/../../../../../H-x86_64-mingw32/nios2-elf/lib\libc.a(lib_a-fstatr.o)
 .text._fstat_r
                0x0000000000023650       0x60 d:/intelfpga_lite/22.1/nios2eds/bin/gnu/h-x86_64-mingw32/bin/../lib/gcc/nios2-elf/12.1.1/../../../../../H-x86_64-mingw32/nios2-elf/lib\libc.a(lib_a-fstatr.o)
                0x0000000000023650                _fstat_r
 .text          0x00000000000236b0        0x0 d:/intelfpga_lite/22.1/nios2eds/bin/gnu/h-x86_64-mingw32/bin/../lib/gcc/nios2-elf/12.1.1/../../../../../H-x86_64-mingw32/nios2-elf/lib\libc.a(lib_a-fwrite.o)
 .text._fwrite_r
                0x00000000000236b0       0xc4 d:/intelfpga_lite/22.1/nios2eds/bin/gnu/h-x86_64-mingw32/bin/../lib/gcc/nios2-elf/12.1.1/../../../../../H-x86_64-mingw32/nios2-elf/lib\libc.a(lib_a-fwrite.o)
                0x00000000000236b0                _fwrite_r
 .text.fwrite   0x0000000000023774       0xd4 d:/intelfpga_lite/22.1/nios2eds/bin/gnu/h-x86_64-mingw32/bin/../lib/gcc/nios2-elf/12.1.1/../../../../../H-x86_64-mingw32/nios2-elf/lib\libc.a(lib_a-fwrite.o)
                0x0000000000023774                fwrite
 .text          0x0000000000023848        0x0 d:/intelfpga_lite/22.1/nios2eds/bin/gnu/h-x86_64-mingw32/bin/../lib/gcc/nios2-elf/12.1.1/../../../../../H-x86_64-mingw32/nios2-elf/lib\libc.a(lib_a-getchar.o)
 .text._getchar_r
                0x0000000000023848        0x8 d:/intelfpga_lite/22.1/nios2eds/bin/gnu/h-x86_64-mingw32/bin/../lib/gcc/nios2-elf/12.1.1/../../../../../H-x86_64-mingw32/nios2-elf/lib\libc.a(lib_a-getchar.o)
                0x0000000000023848                _getchar_r
 .text.getchar  0x0000000000023850       0x10 d:/intelfpga_lite/22.1/nios2eds/bin/gnu/h-x86_64-mingw32/bin/../lib/gcc/nios2-elf/12.1.1/../../../../../H-x86_64-mingw32/nios2-elf/lib\libc.a(lib_a-getchar.o)
                0x0000000000023850                getchar
 .text          0x0000000000023860        0x0 d:/intelfpga_lite/22.1/nios2eds/bin/gnu/h-x86_64-mingw32/bin/../lib/gcc/nios2-elf/12.1.1/../../../../../H-x86_64-mingw32/nios2-elf/lib\libc.a(lib_a-impure.o)
 .text          0x0000000000023860        0x0 d:/intelfpga_lite/22.1/nios2eds/bin/gnu/h-x86_64-mingw32/bin/../lib/gcc/nios2-elf/12.1.1/../../../../../H-x86_64-mingw32/nios2-elf/lib\libc.a(lib_a-int_errno.o)
 .text          0x0000000000023860        0x0 d:/intelfpga_lite/22.1/nios2eds/bin/gnu/h-x86_64-mingw32/bin/../lib/gcc/nios2-elf/12.1.1/../../../../../H-x86_64-mingw32/nios2-elf/lib\libc.a(lib_a-makebuf.o)
 .text.__smakebuf_r
                0x0000000000023860      0x1a0 d:/intelfpga_lite/22.1/nios2eds/bin/gnu/h-x86_64-mingw32/bin/../lib/gcc/nios2-elf/12.1.1/../../../../../H-x86_64-mingw32/nios2-elf/lib\libc.a(lib_a-makebuf.o)
                0x0000000000023860                __smakebuf_r
 .text.__swhatbuf_r
                0x0000000000023a00       0x8c d:/intelfpga_lite/22.1/nios2eds/bin/gnu/h-x86_64-mingw32/bin/../lib/gcc/nios2-elf/12.1.1/../../../../../H-x86_64-mingw32/nios2-elf/lib\libc.a(lib_a-makebuf.o)
                0x0000000000023a00                __swhatbuf_r
 .text          0x0000000000023a8c        0x0 d:/intelfpga_lite/22.1/nios2eds/bin/gnu/h-x86_64-mingw32/bin/../lib/gcc/nios2-elf/12.1.1/../../../../../H-x86_64-mingw32/nios2-elf/lib\libc.a(lib_a-malloc.o)
 .text.malloc   0x0000000000023a8c       0x10 d:/intelfpga_lite/22.1/nios2eds/bin/gnu/h-x86_64-mingw32/bin/../lib/gcc/nios2-elf/12.1.1/../../../../../H-x86_64-mingw32/nios2-elf/lib\libc.a(lib_a-malloc.o)
                0x0000000000023a8c                malloc
 .text.free     0x0000000000023a9c       0x10 d:/intelfpga_lite/22.1/nios2eds/bin/gnu/h-x86_64-mingw32/bin/../lib/gcc/nios2-elf/12.1.1/../../../../../H-x86_64-mingw32/nios2-elf/lib\libc.a(lib_a-malloc.o)
                0x0000000000023a9c                free
 .text          0x0000000000023aac        0x0 d:/intelfpga_lite/22.1/nios2eds/bin/gnu/h-x86_64-mingw32/bin/../lib/gcc/nios2-elf/12.1.1/../../../../../H-x86_64-mingw32/nios2-elf/lib\libc.a(lib_a-mallocr.o)
 .text._malloc_r
                0x0000000000023aac      0x7b4 d:/intelfpga_lite/22.1/nios2eds/bin/gnu/h-x86_64-mingw32/bin/../lib/gcc/nios2-elf/12.1.1/../../../../../H-x86_64-mingw32/nios2-elf/lib\libc.a(lib_a-mallocr.o)
                0x0000000000023aac                _malloc_r
 .text          0x0000000000024260        0x0 d:/intelfpga_lite/22.1/nios2eds/bin/gnu/h-x86_64-mingw32/bin/../lib/gcc/nios2-elf/12.1.1/../../../../../H-x86_64-mingw32/nios2-elf/lib\libc.a(lib_a-memset.o)
 .text.memset   0x0000000000024260       0xf8 d:/intelfpga_lite/22.1/nios2eds/bin/gnu/h-x86_64-mingw32/bin/../lib/gcc/nios2-elf/12.1.1/../../../../../H-x86_64-mingw32/nios2-elf/lib\libc.a(lib_a-memset.o)
                0x0000000000024260                memset
 .text          0x0000000000024358        0x0 d:/intelfpga_lite/22.1/nios2eds/bin/gnu/h-x86_64-mingw32/bin/../lib/gcc/nios2-elf/12.1.1/../../../../../H-x86_64-mingw32/nios2-elf/lib\libc.a(lib_a-openr.o)
 .text._open_r  0x0000000000024358       0x64 d:/intelfpga_lite/22.1/nios2eds/bin/gnu/h-x86_64-mingw32/bin/../lib/gcc/nios2-elf/12.1.1/../../../../../H-x86_64-mingw32/nios2-elf/lib\libc.a(lib_a-openr.o)
                0x0000000000024358                _open_r
 .text          0x00000000000243bc        0x0 d:/intelfpga_lite/22.1/nios2eds/bin/gnu/h-x86_64-mingw32/bin/../lib/gcc/nios2-elf/12.1.1/../../../../../H-x86_64-mingw32/nios2-elf/lib\libc.a(lib_a-printf.o)
 .text._printf_r
                0x00000000000243bc       0x30 d:/intelfpga_lite/22.1/nios2eds/bin/gnu/h-x86_64-mingw32/bin/../lib/gcc/nios2-elf/12.1.1/../../../../../H-x86_64-mingw32/nios2-elf/lib\libc.a(lib_a-printf.o)
                0x00000000000243bc                _printf_r
 .text.printf   0x00000000000243ec       0x38 d:/intelfpga_lite/22.1/nios2eds/bin/gnu/h-x86_64-mingw32/bin/../lib/gcc/nios2-elf/12.1.1/../../../../../H-x86_64-mingw32/nios2-elf/lib\libc.a(lib_a-printf.o)
                0x00000000000243ec                printf
 .text          0x0000000000024424        0x0 d:/intelfpga_lite/22.1/nios2eds/bin/gnu/h-x86_64-mingw32/bin/../lib/gcc/nios2-elf/12.1.1/../../../../../H-x86_64-mingw32/nios2-elf/lib\libc.a(lib_a-putchar.o)
 .text._putchar_r
                0x0000000000024424        0x8 d:/intelfpga_lite/22.1/nios2eds/bin/gnu/h-x86_64-mingw32/bin/../lib/gcc/nios2-elf/12.1.1/../../../../../H-x86_64-mingw32/nios2-elf/lib\libc.a(lib_a-putchar.o)
                0x0000000000024424                _putchar_r
 .text.putchar  0x000000000002442c       0x18 d:/intelfpga_lite/22.1/nios2eds/bin/gnu/h-x86_64-mingw32/bin/../lib/gcc/nios2-elf/12.1.1/../../../../../H-x86_64-mingw32/nios2-elf/lib\libc.a(lib_a-putchar.o)
                0x000000000002442c                putchar
 .text          0x0000000000024444        0x0 d:/intelfpga_lite/22.1/nios2eds/bin/gnu/h-x86_64-mingw32/bin/../lib/gcc/nios2-elf/12.1.1/../../../../../H-x86_64-mingw32/nios2-elf/lib\libc.a(lib_a-puts.o)
 .text._puts_r  0x0000000000024444       0xd0 d:/intelfpga_lite/22.1/nios2eds/bin/gnu/h-x86_64-mingw32/bin/../lib/gcc/nios2-elf/12.1.1/../../../../../H-x86_64-mingw32/nios2-elf/lib\libc.a(lib_a-puts.o)
                0x0000000000024444                _puts_r
 .text.puts     0x0000000000024514       0x10 d:/intelfpga_lite/22.1/nios2eds/bin/gnu/h-x86_64-mingw32/bin/../lib/gcc/nios2-elf/12.1.1/../../../../../H-x86_64-mingw32/nios2-elf/lib\libc.a(lib_a-puts.o)
                0x0000000000024514                puts
 .text          0x0000000000024524        0x0 d:/intelfpga_lite/22.1/nios2eds/bin/gnu/h-x86_64-mingw32/bin/../lib/gcc/nios2-elf/12.1.1/../../../../../H-x86_64-mingw32/nios2-elf/lib\libc.a(lib_a-refill.o)
 .text.lflush   0x0000000000024524       0x1c d:/intelfpga_lite/22.1/nios2eds/bin/gnu/h-x86_64-mingw32/bin/../lib/gcc/nios2-elf/12.1.1/../../../../../H-x86_64-mingw32/nios2-elf/lib\libc.a(lib_a-refill.o)
 .text.__srefill_r
                0x0000000000024540      0x1b8 d:/intelfpga_lite/22.1/nios2eds/bin/gnu/h-x86_64-mingw32/bin/../lib/gcc/nios2-elf/12.1.1/../../../../../H-x86_64-mingw32/nios2-elf/lib\libc.a(lib_a-refill.o)
                0x0000000000024540                __srefill_r
 .text          0x00000000000246f8        0x0 d:/intelfpga_lite/22.1/nios2eds/bin/gnu/h-x86_64-mingw32/bin/../lib/gcc/nios2-elf/12.1.1/../../../../../H-x86_64-mingw32/nios2-elf/lib\libc.a(lib_a-sbrkr.o)
 .text._sbrk_r  0x00000000000246f8       0x58 d:/intelfpga_lite/22.1/nios2eds/bin/gnu/h-x86_64-mingw32/bin/../lib/gcc/nios2-elf/12.1.1/../../../../../H-x86_64-mingw32/nios2-elf/lib\libc.a(lib_a-sbrkr.o)
                0x00000000000246f8                _sbrk_r
 .text          0x0000000000024750        0x0 d:/intelfpga_lite/22.1/nios2eds/bin/gnu/h-x86_64-mingw32/bin/../lib/gcc/nios2-elf/12.1.1/../../../../../H-x86_64-mingw32/nios2-elf/lib\libc.a(lib_a-stdio.o)
 .text.__sread  0x0000000000024750       0x54 d:/intelfpga_lite/22.1/nios2eds/bin/gnu/h-x86_64-mingw32/bin/../lib/gcc/nios2-elf/12.1.1/../../../../../H-x86_64-mingw32/nios2-elf/lib\libc.a(lib_a-stdio.o)
                0x0000000000024750                __sread
 .text.__seofread
                0x00000000000247a4        0x8 d:/intelfpga_lite/22.1/nios2eds/bin/gnu/h-x86_64-mingw32/bin/../lib/gcc/nios2-elf/12.1.1/../../../../../H-x86_64-mingw32/nios2-elf/lib\libc.a(lib_a-stdio.o)
                0x00000000000247a4                __seofread
 .text.__swrite
                0x00000000000247ac       0x80 d:/intelfpga_lite/22.1/nios2eds/bin/gnu/h-x86_64-mingw32/bin/../lib/gcc/nios2-elf/12.1.1/../../../../../H-x86_64-mingw32/nios2-elf/lib\libc.a(lib_a-stdio.o)
                0x00000000000247ac                __swrite
 .text.__sseek  0x000000000002482c       0x5c d:/intelfpga_lite/22.1/nios2eds/bin/gnu/h-x86_64-mingw32/bin/../lib/gcc/nios2-elf/12.1.1/../../../../../H-x86_64-mingw32/nios2-elf/lib\libc.a(lib_a-stdio.o)
                0x000000000002482c                __sseek
 .text.__sclose
                0x0000000000024888        0x8 d:/intelfpga_lite/22.1/nios2eds/bin/gnu/h-x86_64-mingw32/bin/../lib/gcc/nios2-elf/12.1.1/../../../../../H-x86_64-mingw32/nios2-elf/lib\libc.a(lib_a-stdio.o)
                0x0000000000024888                __sclose
 .text          0x0000000000024890        0x0 d:/intelfpga_lite/22.1/nios2eds/bin/gnu/h-x86_64-mingw32/bin/../lib/gcc/nios2-elf/12.1.1/../../../../../H-x86_64-mingw32/nios2-elf/lib\libc.a(lib_a-strlen.o)
 .text.strlen   0x0000000000024890       0x98 d:/intelfpga_lite/22.1/nios2eds/bin/gnu/h-x86_64-mingw32/bin/../lib/gcc/nios2-elf/12.1.1/../../../../../H-x86_64-mingw32/nios2-elf/lib\libc.a(lib_a-strlen.o)
                0x0000000000024890                strlen
 .text          0x0000000000024928        0x0 d:/intelfpga_lite/22.1/nios2eds/bin/gnu/h-x86_64-mingw32/bin/../lib/gcc/nios2-elf/12.1.1/../../../../../H-x86_64-mingw32/nios2-elf/lib\libc.a(lib_a-vfprintf.o)
 .text.___vfprintf_internal_r
                0x0000000000024928     0x23a8 d:/intelfpga_lite/22.1/nios2eds/bin/gnu/h-x86_64-mingw32/bin/../lib/gcc/nios2-elf/12.1.1/../../../../../H-x86_64-mingw32/nios2-elf/lib\libc.a(lib_a-vfprintf.o)
                0x0000000000024928                ___vfprintf_internal_r
 .text.__vfprintf_internal
                0x0000000000026cd0       0x1c d:/intelfpga_lite/22.1/nios2eds/bin/gnu/h-x86_64-mingw32/bin/../lib/gcc/nios2-elf/12.1.1/../../../../../H-x86_64-mingw32/nios2-elf/lib\libc.a(lib_a-vfprintf.o)
                0x0000000000026cd0                __vfprintf_internal
 .text.__sbprintf
                0x0000000000026cec       0xc4 d:/intelfpga_lite/22.1/nios2eds/bin/gnu/h-x86_64-mingw32/bin/../lib/gcc/nios2-elf/12.1.1/../../../../../H-x86_64-mingw32/nios2-elf/lib\libc.a(lib_a-vfprintf.o)
 .text          0x0000000000026db0        0x0 d:/intelfpga_lite/22.1/nios2eds/bin/gnu/h-x86_64-mingw32/bin/../lib/gcc/nios2-elf/12.1.1/../../../../../H-x86_64-mingw32/nios2-elf/lib\libc.a(lib_a-writer.o)
 .text._write_r
                0x0000000000026db0       0x64 d:/intelfpga_lite/22.1/nios2eds/bin/gnu/h-x86_64-mingw32/bin/../lib/gcc/nios2-elf/12.1.1/../../../../../H-x86_64-mingw32/nios2-elf/lib\libc.a(lib_a-writer.o)
                0x0000000000026db0                _write_r
 .text          0x0000000000026e14        0x0 d:/intelfpga_lite/22.1/nios2eds/bin/gnu/h-x86_64-mingw32/bin/../lib/gcc/nios2-elf/12.1.1/../../../../../H-x86_64-mingw32/nios2-elf/lib\libc.a(lib_a-wsetup.o)
 .text.__swsetup_r
                0x0000000000026e14      0x14c d:/intelfpga_lite/22.1/nios2eds/bin/gnu/h-x86_64-mingw32/bin/../lib/gcc/nios2-elf/12.1.1/../../../../../H-x86_64-mingw32/nios2-elf/lib\libc.a(lib_a-wsetup.o)
                0x0000000000026e14                __swsetup_r
 .text          0x0000000000026f60        0x0 d:/intelfpga_lite/22.1/nios2eds/bin/gnu/h-x86_64-mingw32/bin/../lib/gcc/nios2-elf/12.1.1/../../../../../H-x86_64-mingw32/nios2-elf/lib\libc.a(closer.o)
 .text._close_r
                0x0000000000026f60       0x58 d:/intelfpga_lite/22.1/nios2eds/bin/gnu/h-x86_64-mingw32/bin/../lib/gcc/nios2-elf/12.1.1/../../../../../H-x86_64-mingw32/nios2-elf/lib\libc.a(closer.o)
                0x0000000000026f60                _close_r
 .text          0x0000000000026fb8        0x0 d:/intelfpga_lite/22.1/nios2eds/bin/gnu/h-x86_64-mingw32/bin/../lib/gcc/nios2-elf/12.1.1/../../../../../H-x86_64-mingw32/nios2-elf/lib\libc.a(lib_a-dtoa.o)
 .text.quorem   0x0000000000026fb8      0x1fc d:/intelfpga_lite/22.1/nios2eds/bin/gnu/h-x86_64-mingw32/bin/../lib/gcc/nios2-elf/12.1.1/../../../../../H-x86_64-mingw32/nios2-elf/lib\libc.a(lib_a-dtoa.o)
 .text._dtoa_r  0x00000000000271b4     0x17e8 d:/intelfpga_lite/22.1/nios2eds/bin/gnu/h-x86_64-mingw32/bin/../lib/gcc/nios2-elf/12.1.1/../../../../../H-x86_64-mingw32/nios2-elf/lib\libc.a(lib_a-dtoa.o)
                0x00000000000271b4                _dtoa_r
 .text          0x000000000002899c        0x0 d:/intelfpga_lite/22.1/nios2eds/bin/gnu/h-x86_64-mingw32/bin/../lib/gcc/nios2-elf/12.1.1/../../../../../H-x86_64-mingw32/nios2-elf/lib\libc.a(lib_a-fflush.o)
 .text.__sflush_r
                0x000000000002899c      0x208 d:/intelfpga_lite/22.1/nios2eds/bin/gnu/h-x86_64-mingw32/bin/../lib/gcc/nios2-elf/12.1.1/../../../../../H-x86_64-mingw32/nios2-elf/lib\libc.a(lib_a-fflush.o)
                0x000000000002899c                __sflush_r
 .text._fflush_r
                0x0000000000028ba4       0x60 d:/intelfpga_lite/22.1/nios2eds/bin/gnu/h-x86_64-mingw32/bin/../lib/gcc/nios2-elf/12.1.1/../../../../../H-x86_64-mingw32/nios2-elf/lib\libc.a(lib_a-fflush.o)
                0x0000000000028ba4                _fflush_r
 .text.fflush   0x0000000000028c04       0x84 d:/intelfpga_lite/22.1/nios2eds/bin/gnu/h-x86_64-mingw32/bin/../lib/gcc/nios2-elf/12.1.1/../../../../../H-x86_64-mingw32/nios2-elf/lib\libc.a(lib_a-fflush.o)
                0x0000000000028c04                fflush
 .text          0x0000000000028c88        0x0 d:/intelfpga_lite/22.1/nios2eds/bin/gnu/h-x86_64-mingw32/bin/../lib/gcc/nios2-elf/12.1.1/../../../../../H-x86_64-mingw32/nios2-elf/lib\libc.a(lib_a-findfp.o)
 .text.__fp_lock
                0x0000000000028c88        0x8 d:/intelfpga_lite/22.1/nios2eds/bin/gnu/h-x86_64-mingw32/bin/../lib/gcc/nios2-elf/12.1.1/../../../../../H-x86_64-mingw32/nios2-elf/lib\libc.a(lib_a-findfp.o)
 .text._cleanup_r
                0x0000000000028c90        0xc d:/intelfpga_lite/22.1/nios2eds/bin/gnu/h-x86_64-mingw32/bin/../lib/gcc/nios2-elf/12.1.1/../../../../../H-x86_64-mingw32/nios2-elf/lib\libc.a(lib_a-findfp.o)
                0x0000000000028c90                _cleanup_r
 .text.__fp_unlock
                0x0000000000028c9c        0x8 d:/intelfpga_lite/22.1/nios2eds/bin/gnu/h-x86_64-mingw32/bin/../lib/gcc/nios2-elf/12.1.1/../../../../../H-x86_64-mingw32/nios2-elf/lib\libc.a(lib_a-findfp.o)
 .text.__sinit.part.0
                0x0000000000028ca4      0x168 d:/intelfpga_lite/22.1/nios2eds/bin/gnu/h-x86_64-mingw32/bin/../lib/gcc/nios2-elf/12.1.1/../../../../../H-x86_64-mingw32/nios2-elf/lib\libc.a(lib_a-findfp.o)
 .text.__sfmoreglue
                0x0000000000028e0c       0x68 d:/intelfpga_lite/22.1/nios2eds/bin/gnu/h-x86_64-mingw32/bin/../lib/gcc/nios2-elf/12.1.1/../../../../../H-x86_64-mingw32/nios2-elf/lib\libc.a(lib_a-findfp.o)
                0x0000000000028e0c                __sfmoreglue
 .text.__sfp    0x0000000000028e74      0x134 d:/intelfpga_lite/22.1/nios2eds/bin/gnu/h-x86_64-mingw32/bin/../lib/gcc/nios2-elf/12.1.1/../../../../../H-x86_64-mingw32/nios2-elf/lib\libc.a(lib_a-findfp.o)
                0x0000000000028e74                __sfp
 .text._cleanup
                0x0000000000028fa8       0x14 d:/intelfpga_lite/22.1/nios2eds/bin/gnu/h-x86_64-mingw32/bin/../lib/gcc/nios2-elf/12.1.1/../../../../../H-x86_64-mingw32/nios2-elf/lib\libc.a(lib_a-findfp.o)
                0x0000000000028fa8                _cleanup
 .text.__sinit  0x0000000000028fbc       0x10 d:/intelfpga_lite/22.1/nios2eds/bin/gnu/h-x86_64-mingw32/bin/../lib/gcc/nios2-elf/12.1.1/../../../../../H-x86_64-mingw32/nios2-elf/lib\libc.a(lib_a-findfp.o)
                0x0000000000028fbc                __sinit
 .text.__sfp_lock_acquire
                0x0000000000028fcc        0x4 d:/intelfpga_lite/22.1/nios2eds/bin/gnu/h-x86_64-mingw32/bin/../lib/gcc/nios2-elf/12.1.1/../../../../../H-x86_64-mingw32/nios2-elf/lib\libc.a(lib_a-findfp.o)
                0x0000000000028fcc                __sfp_lock_acquire
 .text.__sfp_lock_release
                0x0000000000028fd0        0x4 d:/intelfpga_lite/22.1/nios2eds/bin/gnu/h-x86_64-mingw32/bin/../lib/gcc/nios2-elf/12.1.1/../../../../../H-x86_64-mingw32/nios2-elf/lib\libc.a(lib_a-findfp.o)
                0x0000000000028fd0                __sfp_lock_release
 .text.__sinit_lock_acquire
                0x0000000000028fd4        0x4 d:/intelfpga_lite/22.1/nios2eds/bin/gnu/h-x86_64-mingw32/bin/../lib/gcc/nios2-elf/12.1.1/../../../../../H-x86_64-mingw32/nios2-elf/lib\libc.a(lib_a-findfp.o)
                0x0000000000028fd4                __sinit_lock_acquire
 .text.__sinit_lock_release
                0x0000000000028fd8        0x4 d:/intelfpga_lite/22.1/nios2eds/bin/gnu/h-x86_64-mingw32/bin/../lib/gcc/nios2-elf/12.1.1/../../../../../H-x86_64-mingw32/nios2-elf/lib\libc.a(lib_a-findfp.o)
                0x0000000000028fd8                __sinit_lock_release
 .text.__fp_lock_all
                0x0000000000028fdc       0x14 d:/intelfpga_lite/22.1/nios2eds/bin/gnu/h-x86_64-mingw32/bin/../lib/gcc/nios2-elf/12.1.1/../../../../../H-x86_64-mingw32/nios2-elf/lib\libc.a(lib_a-findfp.o)
                0x0000000000028fdc                __fp_lock_all
 .text.__fp_unlock_all
                0x0000000000028ff0       0x14 d:/intelfpga_lite/22.1/nios2eds/bin/gnu/h-x86_64-mingw32/bin/../lib/gcc/nios2-elf/12.1.1/../../../../../H-x86_64-mingw32/nios2-elf/lib\libc.a(lib_a-findfp.o)
                0x0000000000028ff0                __fp_unlock_all
 .text          0x0000000000029004        0x0 d:/intelfpga_lite/22.1/nios2eds/bin/gnu/h-x86_64-mingw32/bin/../lib/gcc/nios2-elf/12.1.1/../../../../../H-x86_64-mingw32/nios2-elf/lib\libc.a(lib_a-flags.o)
 .text.__sflags
                0x0000000000029004       0xb8 d:/intelfpga_lite/22.1/nios2eds/bin/gnu/h-x86_64-mingw32/bin/../lib/gcc/nios2-elf/12.1.1/../../../../../H-x86_64-mingw32/nios2-elf/lib\libc.a(lib_a-flags.o)
                0x0000000000029004                __sflags
 .text          0x00000000000290bc        0x0 d:/intelfpga_lite/22.1/nios2eds/bin/gnu/h-x86_64-mingw32/bin/../lib/gcc/nios2-elf/12.1.1/../../../../../H-x86_64-mingw32/nios2-elf/lib\libc.a(lib_a-freer.o)
 .text._malloc_trim_r
                0x00000000000290bc      0x124 d:/intelfpga_lite/22.1/nios2eds/bin/gnu/h-x86_64-mingw32/bin/../lib/gcc/nios2-elf/12.1.1/../../../../../H-x86_64-mingw32/nios2-elf/lib\libc.a(lib_a-freer.o)
                0x00000000000290bc                _malloc_trim_r
 .text._free_r  0x00000000000291e0      0x308 d:/intelfpga_lite/22.1/nios2eds/bin/gnu/h-x86_64-mingw32/bin/../lib/gcc/nios2-elf/12.1.1/../../../../../H-x86_64-mingw32/nios2-elf/lib\libc.a(lib_a-freer.o)
                0x00000000000291e0                _free_r
 .text          0x00000000000294e8        0x0 d:/intelfpga_lite/22.1/nios2eds/bin/gnu/h-x86_64-mingw32/bin/../lib/gcc/nios2-elf/12.1.1/../../../../../H-x86_64-mingw32/nios2-elf/lib\libc.a(lib_a-fvwrite.o)
 .text.__sfvwrite_r
                0x00000000000294e8      0x4a4 d:/intelfpga_lite/22.1/nios2eds/bin/gnu/h-x86_64-mingw32/bin/../lib/gcc/nios2-elf/12.1.1/../../../../../H-x86_64-mingw32/nios2-elf/lib\libc.a(lib_a-fvwrite.o)
                0x00000000000294e8                __sfvwrite_r
 .text          0x000000000002998c        0x0 d:/intelfpga_lite/22.1/nios2eds/bin/gnu/h-x86_64-mingw32/bin/../lib/gcc/nios2-elf/12.1.1/../../../../../H-x86_64-mingw32/nios2-elf/lib\libc.a(lib_a-fwalk.o)
 .text._fwalk   0x000000000002998c       0x98 d:/intelfpga_lite/22.1/nios2eds/bin/gnu/h-x86_64-mingw32/bin/../lib/gcc/nios2-elf/12.1.1/../../../../../H-x86_64-mingw32/nios2-elf/lib\libc.a(lib_a-fwalk.o)
                0x000000000002998c                _fwalk
 .text._fwalk_reent
                0x0000000000029a24       0xa8 d:/intelfpga_lite/22.1/nios2eds/bin/gnu/h-x86_64-mingw32/bin/../lib/gcc/nios2-elf/12.1.1/../../../../../H-x86_64-mingw32/nios2-elf/lib\libc.a(lib_a-fwalk.o)
                0x0000000000029a24                _fwalk_reent
 .text          0x0000000000029acc        0x0 d:/intelfpga_lite/22.1/nios2eds/bin/gnu/h-x86_64-mingw32/bin/../lib/gcc/nios2-elf/12.1.1/../../../../../H-x86_64-mingw32/nios2-elf/lib\libc.a(lib_a-getc.o)
 .text._getc_r  0x0000000000029acc       0x7c d:/intelfpga_lite/22.1/nios2eds/bin/gnu/h-x86_64-mingw32/bin/../lib/gcc/nios2-elf/12.1.1/../../../../../H-x86_64-mingw32/nios2-elf/lib\libc.a(lib_a-getc.o)
                0x0000000000029acc                _getc_r
 .text.getc     0x0000000000029b48       0x90 d:/intelfpga_lite/22.1/nios2eds/bin/gnu/h-x86_64-mingw32/bin/../lib/gcc/nios2-elf/12.1.1/../../../../../H-x86_64-mingw32/nios2-elf/lib\libc.a(lib_a-getc.o)
                0x0000000000029b48                getc
 .text          0x0000000000029bd8        0x0 d:/intelfpga_lite/22.1/nios2eds/bin/gnu/h-x86_64-mingw32/bin/../lib/gcc/nios2-elf/12.1.1/../../../../../H-x86_64-mingw32/nios2-elf/lib\libc.a(lib_a-isattyr.o)
 .text._isatty_r
                0x0000000000029bd8       0x58 d:/intelfpga_lite/22.1/nios2eds/bin/gnu/h-x86_64-mingw32/bin/../lib/gcc/nios2-elf/12.1.1/../../../../../H-x86_64-mingw32/nios2-elf/lib\libc.a(lib_a-isattyr.o)
                0x0000000000029bd8                _isatty_r
 .text          0x0000000000029c30        0x0 d:/intelfpga_lite/22.1/nios2eds/bin/gnu/h-x86_64-mingw32/bin/../lib/gcc/nios2-elf/12.1.1/../../../../../H-x86_64-mingw32/nios2-elf/lib\libc.a(lib_a-localeconv.o)
 .text.__localeconv_l
                0x0000000000029c30        0x8 d:/intelfpga_lite/22.1/nios2eds/bin/gnu/h-x86_64-mingw32/bin/../lib/gcc/nios2-elf/12.1.1/../../../../../H-x86_64-mingw32/nios2-elf/lib\libc.a(lib_a-localeconv.o)
                0x0000000000029c30                __localeconv_l
 .text._localeconv_r
                0x0000000000029c38        0xc d:/intelfpga_lite/22.1/nios2eds/bin/gnu/h-x86_64-mingw32/bin/../lib/gcc/nios2-elf/12.1.1/../../../../../H-x86_64-mingw32/nios2-elf/lib\libc.a(lib_a-localeconv.o)
                0x0000000000029c38                _localeconv_r
 .text.localeconv
                0x0000000000029c44        0xc d:/intelfpga_lite/22.1/nios2eds/bin/gnu/h-x86_64-mingw32/bin/../lib/gcc/nios2-elf/12.1.1/../../../../../H-x86_64-mingw32/nios2-elf/lib\libc.a(lib_a-localeconv.o)
                0x0000000000029c44                localeconv
 .text          0x0000000000029c50        0x0 d:/intelfpga_lite/22.1/nios2eds/bin/gnu/h-x86_64-mingw32/bin/../lib/gcc/nios2-elf/12.1.1/../../../../../H-x86_64-mingw32/nios2-elf/lib\libc.a(lib_a-lseekr.o)
 .text._lseek_r
                0x0000000000029c50       0x64 d:/intelfpga_lite/22.1/nios2eds/bin/gnu/h-x86_64-mingw32/bin/../lib/gcc/nios2-elf/12.1.1/../../../../../H-x86_64-mingw32/nios2-elf/lib\libc.a(lib_a-lseekr.o)
                0x0000000000029c50                _lseek_r
 .text          0x0000000000029cb4        0x0 d:/intelfpga_lite/22.1/nios2eds/bin/gnu/h-x86_64-mingw32/bin/../lib/gcc/nios2-elf/12.1.1/../../../../../H-x86_64-mingw32/nios2-elf/lib\libc.a(lib_a-memchr.o)
 .text.memchr   0x0000000000029cb4       0xd0 d:/intelfpga_lite/22.1/nios2eds/bin/gnu/h-x86_64-mingw32/bin/../lib/gcc/nios2-elf/12.1.1/../../../../../H-x86_64-mingw32/nios2-elf/lib\libc.a(lib_a-memchr.o)
                0x0000000000029cb4                memchr
 .text          0x0000000000029d84        0x0 d:/intelfpga_lite/22.1/nios2eds/bin/gnu/h-x86_64-mingw32/bin/../lib/gcc/nios2-elf/12.1.1/../../../../../H-x86_64-mingw32/nios2-elf/lib\libc.a(lib_a-memcpy.o)
 .text.memcpy   0x0000000000029d84      0x100 d:/intelfpga_lite/22.1/nios2eds/bin/gnu/h-x86_64-mingw32/bin/../lib/gcc/nios2-elf/12.1.1/../../../../../H-x86_64-mingw32/nios2-elf/lib\libc.a(lib_a-memcpy.o)
                0x0000000000029d84                memcpy
 .text          0x0000000000029e84        0x0 d:/intelfpga_lite/22.1/nios2eds/bin/gnu/h-x86_64-mingw32/bin/../lib/gcc/nios2-elf/12.1.1/../../../../../H-x86_64-mingw32/nios2-elf/lib\libc.a(lib_a-memmove.o)
 .text.memmove  0x0000000000029e84      0x128 d:/intelfpga_lite/22.1/nios2eds/bin/gnu/h-x86_64-mingw32/bin/../lib/gcc/nios2-elf/12.1.1/../../../../../H-x86_64-mingw32/nios2-elf/lib\libc.a(lib_a-memmove.o)
                0x0000000000029e84                memmove
 .text          0x0000000000029fac        0x0 d:/intelfpga_lite/22.1/nios2eds/bin/gnu/h-x86_64-mingw32/bin/../lib/gcc/nios2-elf/12.1.1/../../../../../H-x86_64-mingw32/nios2-elf/lib\libc.a(lib_a-mprec.o)
 .text._Balloc  0x0000000000029fac       0xa4 d:/intelfpga_lite/22.1/nios2eds/bin/gnu/h-x86_64-mingw32/bin/../lib/gcc/nios2-elf/12.1.1/../../../../../H-x86_64-mingw32/nios2-elf/lib\libc.a(lib_a-mprec.o)
                0x0000000000029fac                _Balloc
 .text._Bfree   0x000000000002a050       0x24 d:/intelfpga_lite/22.1/nios2eds/bin/gnu/h-x86_64-mingw32/bin/../lib/gcc/nios2-elf/12.1.1/../../../../../H-x86_64-mingw32/nios2-elf/lib\libc.a(lib_a-mprec.o)
                0x000000000002a050                _Bfree
 .text.__multadd
                0x000000000002a074      0x130 d:/intelfpga_lite/22.1/nios2eds/bin/gnu/h-x86_64-mingw32/bin/../lib/gcc/nios2-elf/12.1.1/../../../../../H-x86_64-mingw32/nios2-elf/lib\libc.a(lib_a-mprec.o)
                0x000000000002a074                __multadd
 .text.__s2b    0x000000000002a1a4      0x138 d:/intelfpga_lite/22.1/nios2eds/bin/gnu/h-x86_64-mingw32/bin/../lib/gcc/nios2-elf/12.1.1/../../../../../H-x86_64-mingw32/nios2-elf/lib\libc.a(lib_a-mprec.o)
                0x000000000002a1a4                __s2b
 .text.__hi0bits
                0x000000000002a2dc       0x74 d:/intelfpga_lite/22.1/nios2eds/bin/gnu/h-x86_64-mingw32/bin/../lib/gcc/nios2-elf/12.1.1/../../../../../H-x86_64-mingw32/nios2-elf/lib\libc.a(lib_a-mprec.o)
                0x000000000002a2dc                __hi0bits
 .text.__lo0bits
                0x000000000002a350       0xb0 d:/intelfpga_lite/22.1/nios2eds/bin/gnu/h-x86_64-mingw32/bin/../lib/gcc/nios2-elf/12.1.1/../../../../../H-x86_64-mingw32/nios2-elf/lib\libc.a(lib_a-mprec.o)
                0x000000000002a350                __lo0bits
 .text.__i2b    0x000000000002a400       0xb0 d:/intelfpga_lite/22.1/nios2eds/bin/gnu/h-x86_64-mingw32/bin/../lib/gcc/nios2-elf/12.1.1/../../../../../H-x86_64-mingw32/nios2-elf/lib\libc.a(lib_a-mprec.o)
                0x000000000002a400                __i2b
 .text.__multiply
                0x000000000002a4b0      0x254 d:/intelfpga_lite/22.1/nios2eds/bin/gnu/h-x86_64-mingw32/bin/../lib/gcc/nios2-elf/12.1.1/../../../../../H-x86_64-mingw32/nios2-elf/lib\libc.a(lib_a-mprec.o)
                0x000000000002a4b0                __multiply
 .text.__pow5mult
                0x000000000002a704      0x140 d:/intelfpga_lite/22.1/nios2eds/bin/gnu/h-x86_64-mingw32/bin/../lib/gcc/nios2-elf/12.1.1/../../../../../H-x86_64-mingw32/nios2-elf/lib\libc.a(lib_a-mprec.o)
                0x000000000002a704                __pow5mult
 .text.__lshift
                0x000000000002a844      0x188 d:/intelfpga_lite/22.1/nios2eds/bin/gnu/h-x86_64-mingw32/bin/../lib/gcc/nios2-elf/12.1.1/../../../../../H-x86_64-mingw32/nios2-elf/lib\libc.a(lib_a-mprec.o)
                0x000000000002a844                __lshift
 .text.__mcmp   0x000000000002a9cc       0x58 d:/intelfpga_lite/22.1/nios2eds/bin/gnu/h-x86_64-mingw32/bin/../lib/gcc/nios2-elf/12.1.1/../../../../../H-x86_64-mingw32/nios2-elf/lib\libc.a(lib_a-mprec.o)
                0x000000000002a9cc                __mcmp
 .text.__mdiff  0x000000000002aa24      0x230 d:/intelfpga_lite/22.1/nios2eds/bin/gnu/h-x86_64-mingw32/bin/../lib/gcc/nios2-elf/12.1.1/../../../../../H-x86_64-mingw32/nios2-elf/lib\libc.a(lib_a-mprec.o)
                0x000000000002aa24                __mdiff
 .text.__ulp    0x000000000002ac54       0x60 d:/intelfpga_lite/22.1/nios2eds/bin/gnu/h-x86_64-mingw32/bin/../lib/gcc/nios2-elf/12.1.1/../../../../../H-x86_64-mingw32/nios2-elf/lib\libc.a(lib_a-mprec.o)
                0x000000000002ac54                __ulp
 .text.__b2d    0x000000000002acb4      0x100 d:/intelfpga_lite/22.1/nios2eds/bin/gnu/h-x86_64-mingw32/bin/../lib/gcc/nios2-elf/12.1.1/../../../../../H-x86_64-mingw32/nios2-elf/lib\libc.a(lib_a-mprec.o)
                0x000000000002acb4                __b2d
 .text.__d2b    0x000000000002adb4      0x158 d:/intelfpga_lite/22.1/nios2eds/bin/gnu/h-x86_64-mingw32/bin/../lib/gcc/nios2-elf/12.1.1/../../../../../H-x86_64-mingw32/nios2-elf/lib\libc.a(lib_a-mprec.o)
                0x000000000002adb4                __d2b
 .text.__ratio  0x000000000002af0c       0xa8 d:/intelfpga_lite/22.1/nios2eds/bin/gnu/h-x86_64-mingw32/bin/../lib/gcc/nios2-elf/12.1.1/../../../../../H-x86_64-mingw32/nios2-elf/lib\libc.a(lib_a-mprec.o)
                0x000000000002af0c                __ratio
 .text._mprec_log10
                0x000000000002afb4       0x70 d:/intelfpga_lite/22.1/nios2eds/bin/gnu/h-x86_64-mingw32/bin/../lib/gcc/nios2-elf/12.1.1/../../../../../H-x86_64-mingw32/nios2-elf/lib\libc.a(lib_a-mprec.o)
                0x000000000002afb4                _mprec_log10
 .text.__copybits
                0x000000000002b024       0x7c d:/intelfpga_lite/22.1/nios2eds/bin/gnu/h-x86_64-mingw32/bin/../lib/gcc/nios2-elf/12.1.1/../../../../../H-x86_64-mingw32/nios2-elf/lib\libc.a(lib_a-mprec.o)
                0x000000000002b024                __copybits
 .text.__any_on
                0x000000000002b0a0       0x60 d:/intelfpga_lite/22.1/nios2eds/bin/gnu/h-x86_64-mingw32/bin/../lib/gcc/nios2-elf/12.1.1/../../../../../H-x86_64-mingw32/nios2-elf/lib\libc.a(lib_a-mprec.o)
                0x000000000002b0a0                __any_on
 .text          0x000000000002b100        0x0 d:/intelfpga_lite/22.1/nios2eds/bin/gnu/h-x86_64-mingw32/bin/../lib/gcc/nios2-elf/12.1.1/../../../../../H-x86_64-mingw32/nios2-elf/lib\libc.a(lib_a-putc.o)
 .text._putc_r  0x000000000002b100       0xcc d:/intelfpga_lite/22.1/nios2eds/bin/gnu/h-x86_64-mingw32/bin/../lib/gcc/nios2-elf/12.1.1/../../../../../H-x86_64-mingw32/nios2-elf/lib\libc.a(lib_a-putc.o)
                0x000000000002b100                _putc_r
 .text.putc     0x000000000002b1cc       0xe0 d:/intelfpga_lite/22.1/nios2eds/bin/gnu/h-x86_64-mingw32/bin/../lib/gcc/nios2-elf/12.1.1/../../../../../H-x86_64-mingw32/nios2-elf/lib\libc.a(lib_a-putc.o)
                0x000000000002b1cc                putc
 .text          0x000000000002b2ac        0x0 d:/intelfpga_lite/22.1/nios2eds/bin/gnu/h-x86_64-mingw32/bin/../lib/gcc/nios2-elf/12.1.1/../../../../../H-x86_64-mingw32/nios2-elf/lib\libc.a(lib_a-readr.o)
 .text._read_r  0x000000000002b2ac       0x64 d:/intelfpga_lite/22.1/nios2eds/bin/gnu/h-x86_64-mingw32/bin/../lib/gcc/nios2-elf/12.1.1/../../../../../H-x86_64-mingw32/nios2-elf/lib\libc.a(lib_a-readr.o)
                0x000000000002b2ac                _read_r
 .text          0x000000000002b310        0x0 d:/intelfpga_lite/22.1/nios2eds/bin/gnu/h-x86_64-mingw32/bin/../lib/gcc/nios2-elf/12.1.1/../../../../../H-x86_64-mingw32/nios2-elf/lib\libc.a(lib_a-reallocr.o)
 .text._realloc_r
                0x000000000002b310      0x5f4 d:/intelfpga_lite/22.1/nios2eds/bin/gnu/h-x86_64-mingw32/bin/../lib/gcc/nios2-elf/12.1.1/../../../../../H-x86_64-mingw32/nios2-elf/lib\libc.a(lib_a-reallocr.o)
                0x000000000002b310                _realloc_r
 .text          0x000000000002b904        0x0 d:/intelfpga_lite/22.1/nios2eds/bin/gnu/h-x86_64-mingw32/bin/../lib/gcc/nios2-elf/12.1.1/../../../../../H-x86_64-mingw32/nios2-elf/lib\libc.a(lib_a-rget.o)
 .text.__srget_r
                0x000000000002b904       0x74 d:/intelfpga_lite/22.1/nios2eds/bin/gnu/h-x86_64-mingw32/bin/../lib/gcc/nios2-elf/12.1.1/../../../../../H-x86_64-mingw32/nios2-elf/lib\libc.a(lib_a-rget.o)
                0x000000000002b904                __srget_r
 .text.__srget  0x000000000002b978       0x7c d:/intelfpga_lite/22.1/nios2eds/bin/gnu/h-x86_64-mingw32/bin/../lib/gcc/nios2-elf/12.1.1/../../../../../H-x86_64-mingw32/nios2-elf/lib\libc.a(lib_a-rget.o)
                0x000000000002b978                __srget
 .text          0x000000000002b9f4        0x0 d:/intelfpga_lite/22.1/nios2eds/bin/gnu/h-x86_64-mingw32/bin/../lib/gcc/nios2-elf/12.1.1/../../../../../H-x86_64-mingw32/nios2-elf/lib\libc.a(lib_a-vfiprintf.o)
 .text.__sprint_r.part.0
                0x000000000002b9f4       0xf4 d:/intelfpga_lite/22.1/nios2eds/bin/gnu/h-x86_64-mingw32/bin/../lib/gcc/nios2-elf/12.1.1/../../../../../H-x86_64-mingw32/nios2-elf/lib\libc.a(lib_a-vfiprintf.o)
 .text.__sprint_r
                0x000000000002bae8       0x18 d:/intelfpga_lite/22.1/nios2eds/bin/gnu/h-x86_64-mingw32/bin/../lib/gcc/nios2-elf/12.1.1/../../../../../H-x86_64-mingw32/nios2-elf/lib\libc.a(lib_a-vfiprintf.o)
                0x000000000002bae8                __sprint_r
 .text.___vfiprintf_internal_r
                0x000000000002bb00     0x1270 d:/intelfpga_lite/22.1/nios2eds/bin/gnu/h-x86_64-mingw32/bin/../lib/gcc/nios2-elf/12.1.1/../../../../../H-x86_64-mingw32/nios2-elf/lib\libc.a(lib_a-vfiprintf.o)
                0x000000000002bb00                ___vfiprintf_internal_r
 .text.__vfiprintf_internal
                0x000000000002cd70       0x1c d:/intelfpga_lite/22.1/nios2eds/bin/gnu/h-x86_64-mingw32/bin/../lib/gcc/nios2-elf/12.1.1/../../../../../H-x86_64-mingw32/nios2-elf/lib\libc.a(lib_a-vfiprintf.o)
                0x000000000002cd70                __vfiprintf_internal
 .text.__sbprintf
                0x000000000002cd8c       0xc4 d:/intelfpga_lite/22.1/nios2eds/bin/gnu/h-x86_64-mingw32/bin/../lib/gcc/nios2-elf/12.1.1/../../../../../H-x86_64-mingw32/nios2-elf/lib\libc.a(lib_a-vfiprintf.o)
 .text          0x000000000002ce50        0x0 d:/intelfpga_lite/22.1/nios2eds/bin/gnu/h-x86_64-mingw32/bin/../lib/gcc/nios2-elf/12.1.1/../../../../../H-x86_64-mingw32/nios2-elf/lib\libc.a(lib_a-wbuf.o)
 .text.__swbuf_r
                0x000000000002ce50      0x148 d:/intelfpga_lite/22.1/nios2eds/bin/gnu/h-x86_64-mingw32/bin/../lib/gcc/nios2-elf/12.1.1/../../../../../H-x86_64-mingw32/nios2-elf/lib\libc.a(lib_a-wbuf.o)
                0x000000000002ce50                __swbuf_r
 .text.__swbuf  0x000000000002cf98       0x18 d:/intelfpga_lite/22.1/nios2eds/bin/gnu/h-x86_64-mingw32/bin/../lib/gcc/nios2-elf/12.1.1/../../../../../H-x86_64-mingw32/nios2-elf/lib\libc.a(lib_a-wbuf.o)
                0x000000000002cf98                __swbuf
 .text          0x000000000002cfb0        0x0 d:/intelfpga_lite/22.1/nios2eds/bin/gnu/h-x86_64-mingw32/bin/../lib/gcc/nios2-elf/12.1.1/../../../../../H-x86_64-mingw32/nios2-elf/lib\libc.a(lib_a-assert.o)
 .text.__assert_func
                0x000000000002cfb0       0x64 d:/intelfpga_lite/22.1/nios2eds/bin/gnu/h-x86_64-mingw32/bin/../lib/gcc/nios2-elf/12.1.1/../../../../../H-x86_64-mingw32/nios2-elf/lib\libc.a(lib_a-assert.o)
                0x000000000002cfb0                __assert_func
 .text.__assert
                0x000000000002d014       0x14 d:/intelfpga_lite/22.1/nios2eds/bin/gnu/h-x86_64-mingw32/bin/../lib/gcc/nios2-elf/12.1.1/../../../../../H-x86_64-mingw32/nios2-elf/lib\libc.a(lib_a-assert.o)
                0x000000000002d014                __assert
 .text          0x000000000002d028        0x0 d:/intelfpga_lite/22.1/nios2eds/bin/gnu/h-x86_64-mingw32/bin/../lib/gcc/nios2-elf/12.1.1/../../../../../H-x86_64-mingw32/nios2-elf/lib\libc.a(lib_a-callocr.o)
 .text._calloc_r
                0x000000000002d028      0x144 d:/intelfpga_lite/22.1/nios2eds/bin/gnu/h-x86_64-mingw32/bin/../lib/gcc/nios2-elf/12.1.1/../../../../../H-x86_64-mingw32/nios2-elf/lib\libc.a(lib_a-callocr.o)
                0x000000000002d028                _calloc_r
 .text          0x000000000002d16c        0x0 d:/intelfpga_lite/22.1/nios2eds/bin/gnu/h-x86_64-mingw32/bin/../lib/gcc/nios2-elf/12.1.1/../../../../../H-x86_64-mingw32/nios2-elf/lib\libc.a(lib_a-errno.o)
 .text.__errno  0x000000000002d16c        0xc d:/intelfpga_lite/22.1/nios2eds/bin/gnu/h-x86_64-mingw32/bin/../lib/gcc/nios2-elf/12.1.1/../../../../../H-x86_64-mingw32/nios2-elf/lib\libc.a(lib_a-errno.o)
                0x000000000002d16c                __errno
 .text          0x000000000002d178        0x0 d:/intelfpga_lite/22.1/nios2eds/bin/gnu/h-x86_64-mingw32/bin/../lib/gcc/nios2-elf/12.1.1/../../../../../H-x86_64-mingw32/nios2-elf/lib\libc.a(lib_a-fclose.o)
 .text._fclose_r
                0x000000000002d178       0xf8 d:/intelfpga_lite/22.1/nios2eds/bin/gnu/h-x86_64-mingw32/bin/../lib/gcc/nios2-elf/12.1.1/../../../../../H-x86_64-mingw32/nios2-elf/lib\libc.a(lib_a-fclose.o)
                0x000000000002d178                _fclose_r
 .text.fclose   0x000000000002d270       0x10 d:/intelfpga_lite/22.1/nios2eds/bin/gnu/h-x86_64-mingw32/bin/../lib/gcc/nios2-elf/12.1.1/../../../../../H-x86_64-mingw32/nios2-elf/lib\libc.a(lib_a-fclose.o)
                0x000000000002d270                fclose
 .text          0x000000000002d280        0x0 d:/intelfpga_lite/22.1/nios2eds/bin/gnu/h-x86_64-mingw32/bin/../lib/gcc/nios2-elf/12.1.1/../../../../../H-x86_64-mingw32/nios2-elf/lib\libc.a(lib_a-fiprintf.o)
 .text._fiprintf_r
                0x000000000002d280       0x20 d:/intelfpga_lite/22.1/nios2eds/bin/gnu/h-x86_64-mingw32/bin/../lib/gcc/nios2-elf/12.1.1/../../../../../H-x86_64-mingw32/nios2-elf/lib\libc.a(lib_a-fiprintf.o)
                0x000000000002d280                _fiprintf_r
 .text.fiprintf
                0x000000000002d2a0       0x38 d:/intelfpga_lite/22.1/nios2eds/bin/gnu/h-x86_64-mingw32/bin/../lib/gcc/nios2-elf/12.1.1/../../../../../H-x86_64-mingw32/nios2-elf/lib\libc.a(lib_a-fiprintf.o)
                0x000000000002d2a0                fiprintf
 .text          0x000000000002d2d8        0x0 d:/intelfpga_lite/22.1/nios2eds/bin/gnu/h-x86_64-mingw32/bin/../lib/gcc/nios2-elf/12.1.1/../../../../../H-x86_64-mingw32/nios2-elf/lib\libc.a(lib_a-fputwc.o)
 .text.__fputwc
                0x000000000002d2d8      0x164 d:/intelfpga_lite/22.1/nios2eds/bin/gnu/h-x86_64-mingw32/bin/../lib/gcc/nios2-elf/12.1.1/../../../../../H-x86_64-mingw32/nios2-elf/lib\libc.a(lib_a-fputwc.o)
                0x000000000002d2d8                __fputwc
 .text._fputwc_r
                0x000000000002d43c       0x24 d:/intelfpga_lite/22.1/nios2eds/bin/gnu/h-x86_64-mingw32/bin/../lib/gcc/nios2-elf/12.1.1/../../../../../H-x86_64-mingw32/nios2-elf/lib\libc.a(lib_a-fputwc.o)
                0x000000000002d43c                _fputwc_r
 .text.fputwc   0x000000000002d460       0x78 d:/intelfpga_lite/22.1/nios2eds/bin/gnu/h-x86_64-mingw32/bin/../lib/gcc/nios2-elf/12.1.1/../../../../../H-x86_64-mingw32/nios2-elf/lib\libc.a(lib_a-fputwc.o)
                0x000000000002d460                fputwc
 .text          0x000000000002d4d8        0x0 d:/intelfpga_lite/22.1/nios2eds/bin/gnu/h-x86_64-mingw32/bin/../lib/gcc/nios2-elf/12.1.1/../../../../../H-x86_64-mingw32/nios2-elf/lib\libc.a(lib_a-locale.o)
 .text._setlocale_r
                0x000000000002d4d8       0x74 d:/intelfpga_lite/22.1/nios2eds/bin/gnu/h-x86_64-mingw32/bin/../lib/gcc/nios2-elf/12.1.1/../../../../../H-x86_64-mingw32/nios2-elf/lib\libc.a(lib_a-locale.o)
                0x000000000002d4d8                _setlocale_r
 .text.__locale_mb_cur_max
                0x000000000002d54c        0xc d:/intelfpga_lite/22.1/nios2eds/bin/gnu/h-x86_64-mingw32/bin/../lib/gcc/nios2-elf/12.1.1/../../../../../H-x86_64-mingw32/nios2-elf/lib\libc.a(lib_a-locale.o)
                0x000000000002d54c                __locale_mb_cur_max
 .text.setlocale
                0x000000000002d558       0x74 d:/intelfpga_lite/22.1/nios2eds/bin/gnu/h-x86_64-mingw32/bin/../lib/gcc/nios2-elf/12.1.1/../../../../../H-x86_64-mingw32/nios2-elf/lib\libc.a(lib_a-locale.o)
                0x000000000002d558                setlocale
 .text          0x000000000002d5cc        0x0 d:/intelfpga_lite/22.1/nios2eds/bin/gnu/h-x86_64-mingw32/bin/../lib/gcc/nios2-elf/12.1.1/../../../../../H-x86_64-mingw32/nios2-elf/lib\libc.a(lib_a-mbtowc_r.o)
 .text._mbtowc_r
                0x000000000002d5cc        0xc d:/intelfpga_lite/22.1/nios2eds/bin/gnu/h-x86_64-mingw32/bin/../lib/gcc/nios2-elf/12.1.1/../../../../../H-x86_64-mingw32/nios2-elf/lib\libc.a(lib_a-mbtowc_r.o)
                0x000000000002d5cc                _mbtowc_r
 .text.__ascii_mbtowc
                0x000000000002d5d8       0x44 d:/intelfpga_lite/22.1/nios2eds/bin/gnu/h-x86_64-mingw32/bin/../lib/gcc/nios2-elf/12.1.1/../../../../../H-x86_64-mingw32/nios2-elf/lib\libc.a(lib_a-mbtowc_r.o)
                0x000000000002d5d8                __ascii_mbtowc
 .text          0x000000000002d61c        0x0 d:/intelfpga_lite/22.1/nios2eds/bin/gnu/h-x86_64-mingw32/bin/../lib/gcc/nios2-elf/12.1.1/../../../../../H-x86_64-mingw32/nios2-elf/lib\libc.a(lib_a-strcmp.o)
 .text.strcmp   0x000000000002d61c       0xb8 d:/intelfpga_lite/22.1/nios2eds/bin/gnu/h-x86_64-mingw32/bin/../lib/gcc/nios2-elf/12.1.1/../../../../../H-x86_64-mingw32/nios2-elf/lib\libc.a(lib_a-strcmp.o)
                0x000000000002d61c                strcmp
 .text          0x000000000002d6d4        0x0 d:/intelfpga_lite/22.1/nios2eds/bin/gnu/h-x86_64-mingw32/bin/../lib/gcc/nios2-elf/12.1.1/../../../../../H-x86_64-mingw32/nios2-elf/lib\libc.a(lib_a-vfiprintfr_1.o)
 .text._vfiprintf_r
                0x000000000002d6d4        0x4 d:/intelfpga_lite/22.1/nios2eds/bin/gnu/h-x86_64-mingw32/bin/../lib/gcc/nios2-elf/12.1.1/../../../../../H-x86_64-mingw32/nios2-elf/lib\libc.a(lib_a-vfiprintfr_1.o)
                0x000000000002d6d4                _vfiprintf_r
 .text          0x000000000002d6d8        0x0 d:/intelfpga_lite/22.1/nios2eds/bin/gnu/h-x86_64-mingw32/bin/../lib/gcc/nios2-elf/12.1.1/../../../../../H-x86_64-mingw32/nios2-elf/lib\libc.a(lib_a-wcrtomb.o)
 .text._wcrtomb_r
                0x000000000002d6d8       0x6c d:/intelfpga_lite/22.1/nios2eds/bin/gnu/h-x86_64-mingw32/bin/../lib/gcc/nios2-elf/12.1.1/../../../../../H-x86_64-mingw32/nios2-elf/lib\libc.a(lib_a-wcrtomb.o)
                0x000000000002d6d8                _wcrtomb_r
 .text.wcrtomb  0x000000000002d744       0x88 d:/intelfpga_lite/22.1/nios2eds/bin/gnu/h-x86_64-mingw32/bin/../lib/gcc/nios2-elf/12.1.1/../../../../../H-x86_64-mingw32/nios2-elf/lib\libc.a(lib_a-wcrtomb.o)
                0x000000000002d744                wcrtomb
 .text          0x000000000002d7cc        0x0 d:/intelfpga_lite/22.1/nios2eds/bin/gnu/h-x86_64-mingw32/bin/../lib/gcc/nios2-elf/12.1.1/../../../../../H-x86_64-mingw32/nios2-elf/lib\libc.a(lib_a-wctomb_r.o)
 .text._wctomb_r
                0x000000000002d7cc        0xc d:/intelfpga_lite/22.1/nios2eds/bin/gnu/h-x86_64-mingw32/bin/../lib/gcc/nios2-elf/12.1.1/../../../../../H-x86_64-mingw32/nios2-elf/lib\libc.a(lib_a-wctomb_r.o)
                0x000000000002d7cc                _wctomb_r
 .text.__ascii_wctomb
                0x000000000002d7d8       0x30 d:/intelfpga_lite/22.1/nios2eds/bin/gnu/h-x86_64-mingw32/bin/../lib/gcc/nios2-elf/12.1.1/../../../../../H-x86_64-mingw32/nios2-elf/lib\libc.a(lib_a-wctomb_r.o)
                0x000000000002d7d8                __ascii_wctomb
 .text          0x000000000002d808        0x0 d:/intelfpga_lite/22.1/nios2eds/bin/gnu/h-x86_64-mingw32/bin/../lib/gcc/nios2-elf/12.1.1/../../../../../H-x86_64-mingw32/nios2-elf/lib\libc.a(lib_a-abort.o)
 .text.unlikely.abort
                0x000000000002d808       0x18 d:/intelfpga_lite/22.1/nios2eds/bin/gnu/h-x86_64-mingw32/bin/../lib/gcc/nios2-elf/12.1.1/../../../../../H-x86_64-mingw32/nios2-elf/lib\libc.a(lib_a-abort.o)
                0x000000000002d808                abort
 .text          0x000000000002d820        0x0 d:/intelfpga_lite/22.1/nios2eds/bin/gnu/h-x86_64-mingw32/bin/../lib/gcc/nios2-elf/12.1.1/../../../../../H-x86_64-mingw32/nios2-elf/lib\libc.a(lib_a-ctype_.o)
 .text          0x000000000002d820        0x0 d:/intelfpga_lite/22.1/nios2eds/bin/gnu/h-x86_64-mingw32/bin/../lib/gcc/nios2-elf/12.1.1/../../../../../H-x86_64-mingw32/nios2-elf/lib\libc.a(lib_a-signal.o)
 .text._init_signal_r
                0x000000000002d820       0x5c d:/intelfpga_lite/22.1/nios2eds/bin/gnu/h-x86_64-mingw32/bin/../lib/gcc/nios2-elf/12.1.1/../../../../../H-x86_64-mingw32/nios2-elf/lib\libc.a(lib_a-signal.o)
                0x000000000002d820                _init_signal_r
 .text._signal_r
                0x000000000002d87c       0x90 d:/intelfpga_lite/22.1/nios2eds/bin/gnu/h-x86_64-mingw32/bin/../lib/gcc/nios2-elf/12.1.1/../../../../../H-x86_64-mingw32/nios2-elf/lib\libc.a(lib_a-signal.o)
                0x000000000002d87c                _signal_r
 .text._raise_r
                0x000000000002d90c       0xb0 d:/intelfpga_lite/22.1/nios2eds/bin/gnu/h-x86_64-mingw32/bin/../lib/gcc/nios2-elf/12.1.1/../../../../../H-x86_64-mingw32/nios2-elf/lib\libc.a(lib_a-signal.o)
                0x000000000002d90c                _raise_r
 .text.__sigtramp_r
                0x000000000002d9bc       0xbc d:/intelfpga_lite/22.1/nios2eds/bin/gnu/h-x86_64-mingw32/bin/../lib/gcc/nios2-elf/12.1.1/../../../../../H-x86_64-mingw32/nios2-elf/lib\libc.a(lib_a-signal.o)
                0x000000000002d9bc                __sigtramp_r
 .text.raise    0x000000000002da78       0xb4 d:/intelfpga_lite/22.1/nios2eds/bin/gnu/h-x86_64-mingw32/bin/../lib/gcc/nios2-elf/12.1.1/../../../../../H-x86_64-mingw32/nios2-elf/lib\libc.a(lib_a-signal.o)
                0x000000000002da78                raise
 .text.signal   0x000000000002db2c       0x98 d:/intelfpga_lite/22.1/nios2eds/bin/gnu/h-x86_64-mingw32/bin/../lib/gcc/nios2-elf/12.1.1/../../../../../H-x86_64-mingw32/nios2-elf/lib\libc.a(lib_a-signal.o)
                0x000000000002db2c                signal
 .text._init_signal
                0x000000000002dbc4       0x60 d:/intelfpga_lite/22.1/nios2eds/bin/gnu/h-x86_64-mingw32/bin/../lib/gcc/nios2-elf/12.1.1/../../../../../H-x86_64-mingw32/nios2-elf/lib\libc.a(lib_a-signal.o)
                0x000000000002dbc4                _init_signal
 .text.__sigtramp
                0x000000000002dc24       0xbc d:/intelfpga_lite/22.1/nios2eds/bin/gnu/h-x86_64-mingw32/bin/../lib/gcc/nios2-elf/12.1.1/../../../../../H-x86_64-mingw32/nios2-elf/lib\libc.a(lib_a-signal.o)
                0x000000000002dc24                __sigtramp
 .text          0x000000000002dce0        0x0 d:/intelfpga_lite/22.1/nios2eds/bin/gnu/h-x86_64-mingw32/bin/../lib/gcc/nios2-elf/12.1.1/../../../../../H-x86_64-mingw32/nios2-elf/lib\libc.a(lib_a-signalr.o)
 .text._kill_r  0x000000000002dce0       0x60 d:/intelfpga_lite/22.1/nios2eds/bin/gnu/h-x86_64-mingw32/bin/../lib/gcc/nios2-elf/12.1.1/../../../../../H-x86_64-mingw32/nios2-elf/lib\libc.a(lib_a-signalr.o)
                0x000000000002dce0                _kill_r
 .text._getpid_r
                0x000000000002dd40        0x4 d:/intelfpga_lite/22.1/nios2eds/bin/gnu/h-x86_64-mingw32/bin/../lib/gcc/nios2-elf/12.1.1/../../../../../H-x86_64-mingw32/nios2-elf/lib\libc.a(lib_a-signalr.o)
                0x000000000002dd40                _getpid_r
 .text          0x000000000002dd44      0x550 d:/intelfpga_lite/22.1/nios2eds/bin/gnu/h-x86_64-mingw32/bin/../lib/gcc/nios2-elf/12.1.1\libgcc.a(_udivdi3.o)
                0x000000000002dd44                __udivdi3
 .text          0x000000000002e294      0x510 d:/intelfpga_lite/22.1/nios2eds/bin/gnu/h-x86_64-mingw32/bin/../lib/gcc/nios2-elf/12.1.1\libgcc.a(_umoddi3.o)
                0x000000000002e294                __umoddi3
 .text          0x000000000002e7a4      0x904 d:/intelfpga_lite/22.1/nios2eds/bin/gnu/h-x86_64-mingw32/bin/../lib/gcc/nios2-elf/12.1.1\libgcc.a(adddf3.o)
                0x000000000002e7a4                __adddf3
 .text          0x000000000002f0a8      0x848 d:/intelfpga_lite/22.1/nios2eds/bin/gnu/h-x86_64-mingw32/bin/../lib/gcc/nios2-elf/12.1.1\libgcc.a(divdf3.o)
                0x000000000002f0a8                __divdf3
 .text          0x000000000002f8f0       0x94 d:/intelfpga_lite/22.1/nios2eds/bin/gnu/h-x86_64-mingw32/bin/../lib/gcc/nios2-elf/12.1.1\libgcc.a(eqdf2.o)
                0x000000000002f8f0                __nedf2
                0x000000000002f8f0                __eqdf2
 .text          0x000000000002f984       0xfc d:/intelfpga_lite/22.1/nios2eds/bin/gnu/h-x86_64-mingw32/bin/../lib/gcc/nios2-elf/12.1.1\libgcc.a(gedf2.o)
                0x000000000002f984                __gedf2
                0x000000000002f984                __gtdf2
 .text          0x000000000002fa80       0xf8 d:/intelfpga_lite/22.1/nios2eds/bin/gnu/h-x86_64-mingw32/bin/../lib/gcc/nios2-elf/12.1.1\libgcc.a(ledf2.o)
                0x000000000002fa80                __ledf2
                0x000000000002fa80                __ltdf2
 .text          0x000000000002fb78      0x6d8 d:/intelfpga_lite/22.1/nios2eds/bin/gnu/h-x86_64-mingw32/bin/../lib/gcc/nios2-elf/12.1.1\libgcc.a(muldf3.o)
                0x000000000002fb78                __muldf3
 .text          0x0000000000030250      0x99c d:/intelfpga_lite/22.1/nios2eds/bin/gnu/h-x86_64-mingw32/bin/../lib/gcc/nios2-elf/12.1.1\libgcc.a(subdf3.o)
                0x0000000000030250                __subdf3
 .text          0x0000000000030bec       0x54 d:/intelfpga_lite/22.1/nios2eds/bin/gnu/h-x86_64-mingw32/bin/../lib/gcc/nios2-elf/12.1.1\libgcc.a(unorddf2.o)
                0x0000000000030bec                __unorddf2
 .text          0x0000000000030c40       0x80 d:/intelfpga_lite/22.1/nios2eds/bin/gnu/h-x86_64-mingw32/bin/../lib/gcc/nios2-elf/12.1.1\libgcc.a(fixdfsi.o)
                0x0000000000030c40                __fixdfsi
 .text          0x0000000000030cc0       0xb8 d:/intelfpga_lite/22.1/nios2eds/bin/gnu/h-x86_64-mingw32/bin/../lib/gcc/nios2-elf/12.1.1\libgcc.a(floatsidf.o)
                0x0000000000030cc0                __floatsidf
 .text          0x0000000000030d78       0x90 d:/intelfpga_lite/22.1/nios2eds/bin/gnu/h-x86_64-mingw32/bin/../lib/gcc/nios2-elf/12.1.1\libgcc.a(floatunsidf.o)
                0x0000000000030d78                __floatunsidf
 .text          0x0000000000030e08        0x0 d:/intelfpga_lite/22.1/nios2eds/bin/gnu/h-x86_64-mingw32/bin/../lib/gcc/nios2-elf/12.1.1\libgcc.a(_clz.o)
 .text          0x0000000000030e08       0x50 d:/intelfpga_lite/22.1/nios2eds/bin/gnu/h-x86_64-mingw32/bin/../lib/gcc/nios2-elf/12.1.1\libgcc.a(_clzsi2.o)
                0x0000000000030e08                __clzsi2
 .text          0x0000000000030e58      0x10c e:/summer_project/camera_module_with_edge/camera_starter/EEE2Rover/DE10_LITE_D8M_VIP_16/software/camera_exposure_bsp/\libhal_bsp.a(alt_close.o)
                0x0000000000030e94                close
 .text          0x0000000000030f64       0x2c e:/summer_project/camera_module_with_edge/camera_starter/EEE2Rover/DE10_LITE_D8M_VIP_16/software/camera_exposure_bsp/\libhal_bsp.a(alt_dev.o)
 .text          0x0000000000030f90        0x0 e:/summer_project/camera_module_with_edge/camera_starter/EEE2Rover/DE10_LITE_D8M_VIP_16/software/camera_exposure_bsp/\libhal_bsp.a(alt_errno.o)
 .text          0x0000000000030f90       0x3c e:/summer_project/camera_module_with_edge/camera_starter/EEE2Rover/DE10_LITE_D8M_VIP_16/software/camera_exposure_bsp/\libhal_bsp.a(alt_exit.o)
                0x0000000000030f90                _exit
 .text          0x0000000000030fcc      0x160 e:/summer_project/camera_module_with_edge/camera_starter/EEE2Rover/DE10_LITE_D8M_VIP_16/software/camera_exposure_bsp/\libhal_bsp.a(alt_fcntl.o)
                0x0000000000031008                fcntl
 .text          0x000000000003112c       0xec e:/summer_project/camera_module_with_edge/camera_starter/EEE2Rover/DE10_LITE_D8M_VIP_16/software/camera_exposure_bsp/\libhal_bsp.a(alt_fstat.o)
                0x0000000000031168                fstat
 .text          0x0000000000031218       0x20 e:/summer_project/camera_module_with_edge/camera_starter/EEE2Rover/DE10_LITE_D8M_VIP_16/software/camera_exposure_bsp/\libhal_bsp.a(alt_getpid.o)
                0x0000000000031218                getpid
 .text          0x0000000000031238       0xe0 e:/summer_project/camera_module_with_edge/camera_starter/EEE2Rover/DE10_LITE_D8M_VIP_16/software/camera_exposure_bsp/\libhal_bsp.a(alt_isatty.o)
                0x0000000000031274                isatty
 .text          0x0000000000031318      0x12c e:/summer_project/camera_module_with_edge/camera_starter/EEE2Rover/DE10_LITE_D8M_VIP_16/software/camera_exposure_bsp/\libhal_bsp.a(alt_kill.o)
                0x0000000000031354                kill
 .text          0x0000000000031444       0xec e:/summer_project/camera_module_with_edge/camera_starter/EEE2Rover/DE10_LITE_D8M_VIP_16/software/camera_exposure_bsp/\libhal_bsp.a(alt_load.o)
                0x00000000000314ac                alt_load
 .text          0x0000000000031530      0x110 e:/summer_project/camera_module_with_edge/camera_starter/EEE2Rover/DE10_LITE_D8M_VIP_16/software/camera_exposure_bsp/\libhal_bsp.a(alt_lseek.o)
                0x000000000003156c                lseek
 .text          0x0000000000031640       0x7c e:/summer_project/camera_module_with_edge/camera_starter/EEE2Rover/DE10_LITE_D8M_VIP_16/software/camera_exposure_bsp/\libhal_bsp.a(alt_main.o)
                0x0000000000031640                alt_main
 .text          0x00000000000316bc       0x48 e:/summer_project/camera_module_with_edge/camera_starter/EEE2Rover/DE10_LITE_D8M_VIP_16/software/camera_exposure_bsp/\libhal_bsp.a(alt_malloc_lock.o)
                0x00000000000316bc                __malloc_lock
                0x00000000000316e0                __malloc_unlock
 .text          0x0000000000031704      0x248 e:/summer_project/camera_module_with_edge/camera_starter/EEE2Rover/DE10_LITE_D8M_VIP_16/software/camera_exposure_bsp/\libhal_bsp.a(alt_open.o)
                0x00000000000317f8                open
 .text          0x000000000003194c      0x138 e:/summer_project/camera_module_with_edge/camera_starter/EEE2Rover/DE10_LITE_D8M_VIP_16/software/camera_exposure_bsp/\libhal_bsp.a(alt_read.o)
                0x0000000000031988                read
 .text          0x0000000000031a84       0x58 e:/summer_project/camera_module_with_edge/camera_starter/EEE2Rover/DE10_LITE_D8M_VIP_16/software/camera_exposure_bsp/\libhal_bsp.a(alt_release_fd.o)
                0x0000000000031a84                alt_release_fd
 .text          0x0000000000031adc       0xb8 e:/summer_project/camera_module_with_edge/camera_starter/EEE2Rover/DE10_LITE_D8M_VIP_16/software/camera_exposure_bsp/\libhal_bsp.a(alt_sbrk.o)
                0x0000000000031adc                sbrk
 .text          0x0000000000031b94      0x1d0 e:/summer_project/camera_module_with_edge/camera_starter/EEE2Rover/DE10_LITE_D8M_VIP_16/software/camera_exposure_bsp/\libhal_bsp.a(alt_tick.o)
                0x0000000000031b94                alt_alarm_stop
                0x0000000000031c38                alt_tick
 .text          0x0000000000031d64       0x30 e:/summer_project/camera_module_with_edge/camera_starter/EEE2Rover/DE10_LITE_D8M_VIP_16/software/camera_exposure_bsp/\libhal_bsp.a(alt_usleep.o)
                0x0000000000031d64                usleep
 .text          0x0000000000031d94      0x134 e:/summer_project/camera_module_with_edge/camera_starter/EEE2Rover/DE10_LITE_D8M_VIP_16/software/camera_exposure_bsp/\libhal_bsp.a(alt_write.o)
                0x0000000000031dd0                write
 .text          0x0000000000031ec8       0xf4 e:/summer_project/camera_module_with_edge/camera_starter/EEE2Rover/DE10_LITE_D8M_VIP_16/software/camera_exposure_bsp/\libhal_bsp.a(alt_sys_init.o)
                0x0000000000031efc                alt_irq_init
                0x0000000000031f38                alt_sys_init
 .text          0x0000000000031fbc      0x164 e:/summer_project/camera_module_with_edge/camera_starter/EEE2Rover/DE10_LITE_D8M_VIP_16/software/camera_exposure_bsp/\libhal_bsp.a(altera_avalon_jtag_uart_fd.o)
                0x0000000000031fbc                altera_avalon_jtag_uart_read_fd
                0x000000000003201c                altera_avalon_jtag_uart_write_fd
                0x000000000003207c                altera_avalon_jtag_uart_close_fd
                0x00000000000320cc                altera_avalon_jtag_uart_ioctl_fd
 .text          0x0000000000032120      0x3e4 e:/summer_project/camera_module_with_edge/camera_starter/EEE2Rover/DE10_LITE_D8M_VIP_16/software/camera_exposure_bsp/\libhal_bsp.a(altera_avalon_jtag_uart_init.o)
                0x0000000000032120                altera_avalon_jtag_uart_init
                0x000000000003249c                altera_avalon_jtag_uart_close
 .text          0x0000000000032504       0xf4 e:/summer_project/camera_module_with_edge/camera_starter/EEE2Rover/DE10_LITE_D8M_VIP_16/software/camera_exposure_bsp/\libhal_bsp.a(altera_avalon_jtag_uart_ioctl.o)
                0x0000000000032504                altera_avalon_jtag_uart_ioctl
 .text          0x00000000000325f8      0x220 e:/summer_project/camera_module_with_edge/camera_starter/EEE2Rover/DE10_LITE_D8M_VIP_16/software/camera_exposure_bsp/\libhal_bsp.a(altera_avalon_jtag_uart_read.o)
                0x00000000000325f8                altera_avalon_jtag_uart_read
 .text          0x0000000000032818      0x228 e:/summer_project/camera_module_with_edge/camera_starter/EEE2Rover/DE10_LITE_D8M_VIP_16/software/camera_exposure_bsp/\libhal_bsp.a(altera_avalon_jtag_uart_write.o)
                0x0000000000032818                altera_avalon_jtag_uart_write
 .text          0x0000000000032a40      0x100 e:/summer_project/camera_module_with_edge/camera_starter/EEE2Rover/DE10_LITE_D8M_VIP_16/software/camera_exposure_bsp/\libhal_bsp.a(altera_avalon_timer_sc.o)
                0x0000000000032abc                alt_avalon_timer_sc_init
 .text          0x0000000000032b40      0x110 e:/summer_project/camera_module_with_edge/camera_starter/EEE2Rover/DE10_LITE_D8M_VIP_16/software/camera_exposure_bsp/\libhal_bsp.a(altera_avalon_uart_fd.o)
                0x0000000000032b40                altera_avalon_uart_read_fd
                0x0000000000032ba0                altera_avalon_uart_write_fd
                0x0000000000032c00                altera_avalon_uart_close_fd
 .text          0x0000000000032c50      0x3c0 e:/summer_project/camera_module_with_edge/camera_starter/EEE2Rover/DE10_LITE_D8M_VIP_16/software/camera_exposure_bsp/\libhal_bsp.a(altera_avalon_uart_init.o)
                0x0000000000032c50                altera_avalon_uart_init
                0x0000000000032fbc                altera_avalon_uart_close
 .text          0x0000000000033010      0x224 e:/summer_project/camera_module_with_edge/camera_starter/EEE2Rover/DE10_LITE_D8M_VIP_16/software/camera_exposure_bsp/\libhal_bsp.a(altera_avalon_uart_read.o)
                0x000000000003304c                altera_avalon_uart_read
 .text          0x0000000000033234      0x1f0 e:/summer_project/camera_module_with_edge/camera_starter/EEE2Rover/DE10_LITE_D8M_VIP_16/software/camera_exposure_bsp/\libhal_bsp.a(altera_avalon_uart_write.o)
                0x0000000000033270                altera_avalon_uart_write
 .text          0x0000000000033424      0x160 e:/summer_project/camera_module_with_edge/camera_starter/EEE2Rover/DE10_LITE_D8M_VIP_16/software/camera_exposure_bsp/\libhal_bsp.a(alt_alarm_start.o)
                0x0000000000033424                alt_alarm_start
 .text          0x0000000000033584      0x158 e:/summer_project/camera_module_with_edge/camera_starter/EEE2Rover/DE10_LITE_D8M_VIP_16/software/camera_exposure_bsp/\libhal_bsp.a(alt_busy_sleep.o)
                0x0000000000033584                alt_busy_sleep
 .text          0x00000000000336dc       0x4c e:/summer_project/camera_module_with_edge/camera_starter/EEE2Rover/DE10_LITE_D8M_VIP_16/software/camera_exposure_bsp/\libhal_bsp.a(alt_dcache_flush_all.o)
                0x00000000000336dc                alt_dcache_flush_all
 .text          0x0000000000033728       0xe4 e:/summer_project/camera_module_with_edge/camera_starter/EEE2Rover/DE10_LITE_D8M_VIP_16/software/camera_exposure_bsp/\libhal_bsp.a(alt_dev_llist_insert.o)
                0x0000000000033764                alt_dev_llist_insert
 .text          0x000000000003380c       0x64 e:/summer_project/camera_module_with_edge/camera_starter/EEE2Rover/DE10_LITE_D8M_VIP_16/software/camera_exposure_bsp/\libhal_bsp.a(alt_do_ctors.o)
                0x000000000003380c                _do_ctors
 .text          0x0000000000033870       0x64 e:/summer_project/camera_module_with_edge/camera_starter/EEE2Rover/DE10_LITE_D8M_VIP_16/software/camera_exposure_bsp/\libhal_bsp.a(alt_do_dtors.o)
                0x0000000000033870                _do_dtors
 .text          0x00000000000338d4       0x90 e:/summer_project/camera_module_with_edge/camera_starter/EEE2Rover/DE10_LITE_D8M_VIP_16/software/camera_exposure_bsp/\libhal_bsp.a(alt_find_dev.o)
                0x00000000000338d4                alt_find_dev
 .text          0x0000000000033964      0x108 e:/summer_project/camera_module_with_edge/camera_starter/EEE2Rover/DE10_LITE_D8M_VIP_16/software/camera_exposure_bsp/\libhal_bsp.a(alt_find_file.o)
                0x0000000000033964                alt_find_file
 .text          0x0000000000033a6c       0xa0 e:/summer_project/camera_module_with_edge/camera_starter/EEE2Rover/DE10_LITE_D8M_VIP_16/software/camera_exposure_bsp/\libhal_bsp.a(alt_get_fd.o)
                0x0000000000033a6c                alt_get_fd
 .text          0x0000000000033b0c       0x34 e:/summer_project/camera_module_with_edge/camera_starter/EEE2Rover/DE10_LITE_D8M_VIP_16/software/camera_exposure_bsp/\libhal_bsp.a(alt_icache_flush_all.o)
                0x0000000000033b0c                alt_icache_flush_all
 .text          0x0000000000033b40      0x1b0 e:/summer_project/camera_module_with_edge/camera_starter/EEE2Rover/DE10_LITE_D8M_VIP_16/software/camera_exposure_bsp/\libhal_bsp.a(alt_iic.o)
                0x0000000000033b40                alt_ic_isr_register
                0x0000000000033b90                alt_ic_irq_enable
                0x0000000000033c18                alt_ic_irq_disable
                0x0000000000033ca4                alt_ic_irq_enabled
 .text          0x0000000000033cf0       0xe8 e:/summer_project/camera_module_with_edge/camera_starter/EEE2Rover/DE10_LITE_D8M_VIP_16/software/camera_exposure_bsp/\libhal_bsp.a(alt_iic_isr_register.o)
                0x0000000000033cf0                alt_iic_isr_register
 .text          0x0000000000033dd8      0x12c e:/summer_project/camera_module_with_edge/camera_starter/EEE2Rover/DE10_LITE_D8M_VIP_16/software/camera_exposure_bsp/\libhal_bsp.a(alt_io_redirect.o)
                0x0000000000033e88                alt_io_redirect
 .text          0x0000000000033f04        0x0 e:/summer_project/camera_module_with_edge/camera_starter/EEE2Rover/DE10_LITE_D8M_VIP_16/software/camera_exposure_bsp/\libhal_bsp.a(alt_irq_entry.o)
 .text          0x0000000000033f04        0x0 e:/summer_project/camera_module_with_edge/camera_starter/EEE2Rover/DE10_LITE_D8M_VIP_16/software/camera_exposure_bsp/\libhal_bsp.a(alt_irq_handler.o)
 .text          0x0000000000033f04        0x0 e:/summer_project/camera_module_with_edge/camera_starter/EEE2Rover/DE10_LITE_D8M_VIP_16/software/camera_exposure_bsp/\libhal_bsp.a(alt_irq_vars.o)
 .text          0x0000000000033f04       0x24 e:/summer_project/camera_module_with_edge/camera_starter/EEE2Rover/DE10_LITE_D8M_VIP_16/software/camera_exposure_bsp/\libhal_bsp.a(altera_nios2_gen2_irq.o)
                0x0000000000033f04                altera_nios2_gen2_irq_init
 .text          0x0000000000033f28        0x0 e:/summer_project/camera_module_with_edge/camera_starter/EEE2Rover/DE10_LITE_D8M_VIP_16/software/camera_exposure_bsp/\libhal_bsp.a(alt_exception_entry.o)
 .text          0x0000000000033f28       0x90 e:/summer_project/camera_module_with_edge/camera_starter/EEE2Rover/DE10_LITE_D8M_VIP_16/software/camera_exposure_bsp/\libhal_bsp.a(alt_icache_flush.o)
                0x0000000000033f28                alt_icache_flush
 .text          0x0000000000033fb8       0x74 e:/summer_project/camera_module_with_edge/camera_starter/EEE2Rover/DE10_LITE_D8M_VIP_16/software/camera_exposure_bsp/\libhal_bsp.a(alt_instruction_exception_entry.o)
                0x0000000000033fb8                alt_exception_cause_generated_bad_addr
 .text          0x000000000003402c        0x0 d:/intelfpga_lite/22.1/nios2eds/bin/gnu/h-x86_64-mingw32/bin/../lib/gcc/nios2-elf/12.1.1/../../../../../H-x86_64-mingw32/nios2-elf/lib\libc.a(lib_a-atexit.o)
 .text.atexit   0x000000000003402c       0x14 d:/intelfpga_lite/22.1/nios2eds/bin/gnu/h-x86_64-mingw32/bin/../lib/gcc/nios2-elf/12.1.1/../../../../../H-x86_64-mingw32/nios2-elf/lib\libc.a(lib_a-atexit.o)
                0x000000000003402c                atexit
 .text          0x0000000000034040        0x0 d:/intelfpga_lite/22.1/nios2eds/bin/gnu/h-x86_64-mingw32/bin/../lib/gcc/nios2-elf/12.1.1/../../../../../H-x86_64-mingw32/nios2-elf/lib\libc.a(lib_a-exit.o)
 .text.exit     0x0000000000034040       0x34 d:/intelfpga_lite/22.1/nios2eds/bin/gnu/h-x86_64-mingw32/bin/../lib/gcc/nios2-elf/12.1.1/../../../../../H-x86_64-mingw32/nios2-elf/lib\libc.a(lib_a-exit.o)
                0x0000000000034040                exit
 .text          0x0000000000034074        0x0 d:/intelfpga_lite/22.1/nios2eds/bin/gnu/h-x86_64-mingw32/bin/../lib/gcc/nios2-elf/12.1.1/../../../../../H-x86_64-mingw32/nios2-elf/lib\libc.a(lib_a-memcmp.o)
 .text.memcmp   0x0000000000034074       0x78 d:/intelfpga_lite/22.1/nios2eds/bin/gnu/h-x86_64-mingw32/bin/../lib/gcc/nios2-elf/12.1.1/../../../../../H-x86_64-mingw32/nios2-elf/lib\libc.a(lib_a-memcmp.o)
                0x0000000000034074                memcmp
 .text          0x00000000000340ec        0x0 d:/intelfpga_lite/22.1/nios2eds/bin/gnu/h-x86_64-mingw32/bin/../lib/gcc/nios2-elf/12.1.1/../../../../../H-x86_64-mingw32/nios2-elf/lib\libc.a(lib_a-__atexit.o)
 .text.__register_exitproc
                0x00000000000340ec       0x90 d:/intelfpga_lite/22.1/nios2eds/bin/gnu/h-x86_64-mingw32/bin/../lib/gcc/nios2-elf/12.1.1/../../../../../H-x86_64-mingw32/nios2-elf/lib\libc.a(lib_a-__atexit.o)
                0x00000000000340ec                __register_exitproc
 .text          0x000000000003417c        0x0 d:/intelfpga_lite/22.1/nios2eds/bin/gnu/h-x86_64-mingw32/bin/../lib/gcc/nios2-elf/12.1.1/../../../../../H-x86_64-mingw32/nios2-elf/lib\libc.a(lib_a-__call_atexit.o)
 .text.__call_exitprocs
                0x000000000003417c      0x120 d:/intelfpga_lite/22.1/nios2eds/bin/gnu/h-x86_64-mingw32/bin/../lib/gcc/nios2-elf/12.1.1/../../../../../H-x86_64-mingw32/nios2-elf/lib\libc.a(lib_a-__call_atexit.o)
                0x000000000003417c                __call_exitprocs
 *(.gnu.warning.*)
 *(.fini)
                [!provide]                        PROVIDE (__etext = ABSOLUTE (.))
                [!provide]                        PROVIDE (_etext = ABSOLUTE (.))
                [!provide]                        PROVIDE (etext = ABSOLUTE (.))
 *(.eh_frame_hdr)
                0x000000000003429c                . = ALIGN (0x4)
                [!provide]                        PROVIDE (__preinit_array_start = ABSOLUTE (.))
 *(.preinit_array)
                [!provide]                        PROVIDE (__preinit_array_end = ABSOLUTE (.))
                [!provide]                        PROVIDE (__init_array_start = ABSOLUTE (.))
 *(.init_array)
                [!provide]                        PROVIDE (__init_array_end = ABSOLUTE (.))
                [!provide]                        PROVIDE (__fini_array_start = ABSOLUTE (.))
 *(.fini_array)
                [!provide]                        PROVIDE (__fini_array_end = ABSOLUTE (.))
 *(.eh_frame)
 *(.gcc_except_table .gcc_except_table.*)
 *(.dynamic)
                0x000000000003429c                PROVIDE (__CTOR_LIST__ = ABSOLUTE (.))
 *(.ctors)
 *(SORT_BY_NAME(.ctors.*))
                0x000000000003429c                PROVIDE (__CTOR_END__ = ABSOLUTE (.))
                0x000000000003429c                PROVIDE (__DTOR_LIST__ = ABSOLUTE (.))
 *(.dtors)
 *(SORT_BY_NAME(.dtors.*))
                0x000000000003429c                PROVIDE (__DTOR_END__ = ABSOLUTE (.))
 *(.jcr)
                0x000000000003429c                . = ALIGN (0x4)

.rodata         0x000000000003429c      0xc88
                0x000000000003429c                PROVIDE (__ram_rodata_start = ABSOLUTE (.))
                0x000000000003429c                . = ALIGN (0x4)
 *(.rodata .rodata.* .gnu.linkonce.r.*)
 .rodata        0x000000000003429c      0x277 obj/default/I2C_core.o
 *fill*         0x0000000000034513        0x1 
 .rodata        0x0000000000034514       0x4e obj/default/auto_focus.o
 *fill*         0x0000000000034562        0x2 
 .rodata        0x0000000000034564      0x269 obj/default/main.o
 *fill*         0x00000000000347cd        0x3 
 .rodata        0x00000000000347d0       0x61 obj/default/mipi_bridge_config.o
 *fill*         0x0000000000034831        0x3 
 .rodata        0x0000000000034834       0x9c obj/default/mipi_camera_config.o
 .rodata._puts_r.str1.4
                0x00000000000348d0        0x2 d:/intelfpga_lite/22.1/nios2eds/bin/gnu/h-x86_64-mingw32/bin/../lib/gcc/nios2-elf/12.1.1/../../../../../H-x86_64-mingw32/nios2-elf/lib\libc.a(lib_a-puts.o)
 *fill*         0x00000000000348d2        0x2 
 .rodata.___vfprintf_internal_r.str1.4
                0x00000000000348d4       0x42 d:/intelfpga_lite/22.1/nios2eds/bin/gnu/h-x86_64-mingw32/bin/../lib/gcc/nios2-elf/12.1.1/../../../../../H-x86_64-mingw32/nios2-elf/lib\libc.a(lib_a-vfprintf.o)
 *fill*         0x0000000000034916        0x2 
 .rodata.zeroes.0
                0x0000000000034918       0x10 d:/intelfpga_lite/22.1/nios2eds/bin/gnu/h-x86_64-mingw32/bin/../lib/gcc/nios2-elf/12.1.1/../../../../../H-x86_64-mingw32/nios2-elf/lib\libc.a(lib_a-vfprintf.o)
 .rodata.blanks.1
                0x0000000000034928       0x10 d:/intelfpga_lite/22.1/nios2eds/bin/gnu/h-x86_64-mingw32/bin/../lib/gcc/nios2-elf/12.1.1/../../../../../H-x86_64-mingw32/nios2-elf/lib\libc.a(lib_a-vfprintf.o)
 .rodata._dtoa_r.str1.4
                0x0000000000034938       0x5e d:/intelfpga_lite/22.1/nios2eds/bin/gnu/h-x86_64-mingw32/bin/../lib/gcc/nios2-elf/12.1.1/../../../../../H-x86_64-mingw32/nios2-elf/lib\libc.a(lib_a-dtoa.o)
                                         0x62 (size before relaxing)
 *fill*         0x0000000000034996        0x2 
 .rodata.__multadd.str1.4
                0x0000000000034998       0x3b d:/intelfpga_lite/22.1/nios2eds/bin/gnu/h-x86_64-mingw32/bin/../lib/gcc/nios2-elf/12.1.1/../../../../../H-x86_64-mingw32/nios2-elf/lib\libc.a(lib_a-mprec.o)
                                         0x4f (size before relaxing)
 *fill*         0x00000000000349d3        0x1 
 .rodata.p05.0  0x00000000000349d4        0xc d:/intelfpga_lite/22.1/nios2eds/bin/gnu/h-x86_64-mingw32/bin/../lib/gcc/nios2-elf/12.1.1/../../../../../H-x86_64-mingw32/nios2-elf/lib\libc.a(lib_a-mprec.o)
 .rodata.__mprec_tinytens
                0x00000000000349e0       0x28 d:/intelfpga_lite/22.1/nios2eds/bin/gnu/h-x86_64-mingw32/bin/../lib/gcc/nios2-elf/12.1.1/../../../../../H-x86_64-mingw32/nios2-elf/lib\libc.a(lib_a-mprec.o)
                0x00000000000349e0                __mprec_tinytens
 .rodata.__mprec_bigtens
                0x0000000000034a08       0x28 d:/intelfpga_lite/22.1/nios2eds/bin/gnu/h-x86_64-mingw32/bin/../lib/gcc/nios2-elf/12.1.1/../../../../../H-x86_64-mingw32/nios2-elf/lib\libc.a(lib_a-mprec.o)
                0x0000000000034a08                __mprec_bigtens
 .rodata.__mprec_tens
                0x0000000000034a30       0xc8 d:/intelfpga_lite/22.1/nios2eds/bin/gnu/h-x86_64-mingw32/bin/../lib/gcc/nios2-elf/12.1.1/../../../../../H-x86_64-mingw32/nios2-elf/lib\libc.a(lib_a-mprec.o)
                0x0000000000034a30                __mprec_tens
 .rodata.___vfiprintf_internal_r.str1.4
                0x0000000000034af8       0x2f d:/intelfpga_lite/22.1/nios2eds/bin/gnu/h-x86_64-mingw32/bin/../lib/gcc/nios2-elf/12.1.1/../../../../../H-x86_64-mingw32/nios2-elf/lib\libc.a(lib_a-vfiprintf.o)
 .rodata.zeroes.0
                0x0000000000034af8       0x10 d:/intelfpga_lite/22.1/nios2eds/bin/gnu/h-x86_64-mingw32/bin/../lib/gcc/nios2-elf/12.1.1/../../../../../H-x86_64-mingw32/nios2-elf/lib\libc.a(lib_a-vfiprintf.o)
 .rodata.blanks.1
                0x0000000000034b08       0x10 d:/intelfpga_lite/22.1/nios2eds/bin/gnu/h-x86_64-mingw32/bin/../lib/gcc/nios2-elf/12.1.1/../../../../../H-x86_64-mingw32/nios2-elf/lib\libc.a(lib_a-vfiprintf.o)
 .rodata.__assert_func.str1.4
                0x0000000000034b18       0x3f d:/intelfpga_lite/22.1/nios2eds/bin/gnu/h-x86_64-mingw32/bin/../lib/gcc/nios2-elf/12.1.1/../../../../../H-x86_64-mingw32/nios2-elf/lib\libc.a(lib_a-assert.o)
                                         0x43 (size before relaxing)
 *fill*         0x0000000000034b57        0x1 
 .rodata._setlocale_r.str1.4
                0x0000000000034b58        0xa d:/intelfpga_lite/22.1/nios2eds/bin/gnu/h-x86_64-mingw32/bin/../lib/gcc/nios2-elf/12.1.1/../../../../../H-x86_64-mingw32/nios2-elf/lib\libc.a(lib_a-locale.o)
 *fill*         0x0000000000034b62        0x2 
 .rodata.str1.4
                0x0000000000034b64        0x2 d:/intelfpga_lite/22.1/nios2eds/bin/gnu/h-x86_64-mingw32/bin/../lib/gcc/nios2-elf/12.1.1/../../../../../H-x86_64-mingw32/nios2-elf/lib\libc.a(lib_a-locale.o)
                                          0x5 (size before relaxing)
 *fill*         0x0000000000034b66        0x2 
 .rodata._ctype_
                0x0000000000034b68      0x101 d:/intelfpga_lite/22.1/nios2eds/bin/gnu/h-x86_64-mingw32/bin/../lib/gcc/nios2-elf/12.1.1/../../../../../H-x86_64-mingw32/nios2-elf/lib\libc.a(lib_a-ctype_.o)
                0x0000000000034b68                _ctype_
 *fill*         0x0000000000034c69        0x3 
 .rodata._ctype_b
                0x0000000000034c6c      0x180 d:/intelfpga_lite/22.1/nios2eds/bin/gnu/h-x86_64-mingw32/bin/../lib/gcc/nios2-elf/12.1.1/../../../../../H-x86_64-mingw32/nios2-elf/lib\libc.a(lib_a-ctype_.o)
                0x0000000000034c6c                _ctype_b
 .rodata        0x0000000000034dec      0x100 d:/intelfpga_lite/22.1/nios2eds/bin/gnu/h-x86_64-mingw32/bin/../lib/gcc/nios2-elf/12.1.1\libgcc.a(_clz.o)
                0x0000000000034dec                __clz_tab
 .rodata        0x0000000000034eec        0xa e:/summer_project/camera_module_with_edge/camera_starter/EEE2Rover/DE10_LITE_D8M_VIP_16/software/camera_exposure_bsp/\libhal_bsp.a(alt_dev.o)
 *fill*         0x0000000000034ef6        0x2 
 .rodata        0x0000000000034ef8        0xf e:/summer_project/camera_module_with_edge/camera_starter/EEE2Rover/DE10_LITE_D8M_VIP_16/software/camera_exposure_bsp/\libhal_bsp.a(alt_main.o)
 *fill*         0x0000000000034f07        0x1 
 .rodata        0x0000000000034f08       0x1c e:/summer_project/camera_module_with_edge/camera_starter/EEE2Rover/DE10_LITE_D8M_VIP_16/software/camera_exposure_bsp/\libhal_bsp.a(alt_sys_init.o)
 *(.rodata1)
                0x0000000000034f24                . = ALIGN (0x4)
                0x0000000000034f24                PROVIDE (__ram_rodata_end = ABSOLUTE (.))
                0x000000000003429c                PROVIDE (__flash_rodata_start = LOADADDR (.rodata))

.rwdata         0x0000000000034f24     0x2450 load address 0x0000000000037374
                0x0000000000034f24                PROVIDE (__ram_rwdata_start = ABSOLUTE (.))
                0x0000000000034f24                . = ALIGN (0x4)
 *(.got.plt)
 *(.got)
 *(.data1)
 *(.data .data.* .gnu.linkonce.d.*)
 .data          0x0000000000034f24        0x0 e:/summer_project/camera_module_with_edge/camera_starter/EEE2Rover/DE10_LITE_D8M_VIP_16/software/camera_exposure_bsp//obj/HAL/src/crt0.o
 .data          0x0000000000034f24        0x0 obj/default/I2C_core.o
 .data          0x0000000000034f24        0x0 obj/default/auto_focus.o
 .data          0x0000000000034f24        0x0 obj/default/main.o
 .data          0x0000000000034f24       0x34 obj/default/mipi_bridge_config.o
 .data          0x0000000000034f58      0x774 obj/default/mipi_camera_config.o
 .data          0x00000000000356cc        0x0 obj/default/queue.o
 .data          0x00000000000356cc        0x0 d:/intelfpga_lite/22.1/nios2eds/bin/gnu/h-x86_64-mingw32/bin/../lib/gcc/nios2-elf/12.1.1\libgcc.a(lib2-divmod.o)
 .data          0x00000000000356cc        0x0 d:/intelfpga_lite/22.1/nios2eds/bin/gnu/h-x86_64-mingw32/bin/../lib/gcc/nios2-elf/12.1.1/../../../../../H-x86_64-mingw32/nios2-elf/lib\libc.a(lib_a-fopen.o)
 .data          0x00000000000356cc        0x0 d:/intelfpga_lite/22.1/nios2eds/bin/gnu/h-x86_64-mingw32/bin/../lib/gcc/nios2-elf/12.1.1/../../../../../H-x86_64-mingw32/nios2-elf/lib\libc.a(lib_a-fseek.o)
 .data          0x00000000000356cc        0x0 d:/intelfpga_lite/22.1/nios2eds/bin/gnu/h-x86_64-mingw32/bin/../lib/gcc/nios2-elf/12.1.1/../../../../../H-x86_64-mingw32/nios2-elf/lib\libc.a(lib_a-fseeko.o)
 .data          0x00000000000356cc        0x0 d:/intelfpga_lite/22.1/nios2eds/bin/gnu/h-x86_64-mingw32/bin/../lib/gcc/nios2-elf/12.1.1/../../../../../H-x86_64-mingw32/nios2-elf/lib\libc.a(lib_a-fstatr.o)
 .data          0x00000000000356cc        0x0 d:/intelfpga_lite/22.1/nios2eds/bin/gnu/h-x86_64-mingw32/bin/../lib/gcc/nios2-elf/12.1.1/../../../../../H-x86_64-mingw32/nios2-elf/lib\libc.a(lib_a-fwrite.o)
 .data          0x00000000000356cc        0x0 d:/intelfpga_lite/22.1/nios2eds/bin/gnu/h-x86_64-mingw32/bin/../lib/gcc/nios2-elf/12.1.1/../../../../../H-x86_64-mingw32/nios2-elf/lib\libc.a(lib_a-getchar.o)
 .data          0x00000000000356cc        0x0 d:/intelfpga_lite/22.1/nios2eds/bin/gnu/h-x86_64-mingw32/bin/../lib/gcc/nios2-elf/12.1.1/../../../../../H-x86_64-mingw32/nios2-elf/lib\libc.a(lib_a-impure.o)
 .data.impure_data
                0x00000000000356cc      0x424 d:/intelfpga_lite/22.1/nios2eds/bin/gnu/h-x86_64-mingw32/bin/../lib/gcc/nios2-elf/12.1.1/../../../../../H-x86_64-mingw32/nios2-elf/lib\libc.a(lib_a-impure.o)
 .data          0x0000000000035af0        0x0 d:/intelfpga_lite/22.1/nios2eds/bin/gnu/h-x86_64-mingw32/bin/../lib/gcc/nios2-elf/12.1.1/../../../../../H-x86_64-mingw32/nios2-elf/lib\libc.a(lib_a-int_errno.o)
 .data          0x0000000000035af0        0x0 d:/intelfpga_lite/22.1/nios2eds/bin/gnu/h-x86_64-mingw32/bin/../lib/gcc/nios2-elf/12.1.1/../../../../../H-x86_64-mingw32/nios2-elf/lib\libc.a(lib_a-makebuf.o)
 .data          0x0000000000035af0        0x0 d:/intelfpga_lite/22.1/nios2eds/bin/gnu/h-x86_64-mingw32/bin/../lib/gcc/nios2-elf/12.1.1/../../../../../H-x86_64-mingw32/nios2-elf/lib\libc.a(lib_a-malloc.o)
 .data          0x0000000000035af0        0x0 d:/intelfpga_lite/22.1/nios2eds/bin/gnu/h-x86_64-mingw32/bin/../lib/gcc/nios2-elf/12.1.1/../../../../../H-x86_64-mingw32/nios2-elf/lib\libc.a(lib_a-mallocr.o)
 .data.__malloc_av_
                0x0000000000035af0      0x408 d:/intelfpga_lite/22.1/nios2eds/bin/gnu/h-x86_64-mingw32/bin/../lib/gcc/nios2-elf/12.1.1/../../../../../H-x86_64-mingw32/nios2-elf/lib\libc.a(lib_a-mallocr.o)
                0x0000000000035af0                __malloc_av_
 .data          0x0000000000035ef8        0x0 d:/intelfpga_lite/22.1/nios2eds/bin/gnu/h-x86_64-mingw32/bin/../lib/gcc/nios2-elf/12.1.1/../../../../../H-x86_64-mingw32/nios2-elf/lib\libc.a(lib_a-memset.o)
 .data          0x0000000000035ef8        0x0 d:/intelfpga_lite/22.1/nios2eds/bin/gnu/h-x86_64-mingw32/bin/../lib/gcc/nios2-elf/12.1.1/../../../../../H-x86_64-mingw32/nios2-elf/lib\libc.a(lib_a-openr.o)
 .data          0x0000000000035ef8        0x0 d:/intelfpga_lite/22.1/nios2eds/bin/gnu/h-x86_64-mingw32/bin/../lib/gcc/nios2-elf/12.1.1/../../../../../H-x86_64-mingw32/nios2-elf/lib\libc.a(lib_a-printf.o)
 .data          0x0000000000035ef8        0x0 d:/intelfpga_lite/22.1/nios2eds/bin/gnu/h-x86_64-mingw32/bin/../lib/gcc/nios2-elf/12.1.1/../../../../../H-x86_64-mingw32/nios2-elf/lib\libc.a(lib_a-putchar.o)